Component: Arm Compiler for Embedded 6.19 Tool: armlink [5e73cb00]

==============================================================================

Section Cross References

    startup_stm32f103xb.o(STACK) refers (Special) to heapauxi.o(.text) for __use_two_region_memory
    startup_stm32f103xb.o(HEAP) refers (Special) to heapauxi.o(.text) for __use_two_region_memory
    startup_stm32f103xb.o(RESET) refers (Special) to heapauxi.o(.text) for __use_two_region_memory
    startup_stm32f103xb.o(RESET) refers to startup_stm32f103xb.o(STACK) for __initial_sp
    startup_stm32f103xb.o(RESET) refers to startup_stm32f103xb.o(.text) for Reset_Handler
    startup_stm32f103xb.o(RESET) refers to stm32f1xx_it.o(.text.NMI_Handler) for NMI_Handler
    startup_stm32f103xb.o(RESET) refers to stm32f1xx_it.o(.text.HardFault_Handler) for HardFault_Handler
    startup_stm32f103xb.o(RESET) refers to stm32f1xx_it.o(.text.MemManage_Handler) for MemManage_Handler
    startup_stm32f103xb.o(RESET) refers to stm32f1xx_it.o(.text.BusFault_Handler) for BusFault_Handler
    startup_stm32f103xb.o(RESET) refers to stm32f1xx_it.o(.text.UsageFault_Handler) for UsageFault_Handler
    startup_stm32f103xb.o(RESET) refers to stm32f1xx_it.o(.text.SVC_Handler) for SVC_Handler
    startup_stm32f103xb.o(RESET) refers to stm32f1xx_it.o(.text.DebugMon_Handler) for DebugMon_Handler
    startup_stm32f103xb.o(RESET) refers to stm32f1xx_it.o(.text.PendSV_Handler) for PendSV_Handler
    startup_stm32f103xb.o(RESET) refers to stm32f1xx_it.o(.text.SysTick_Handler) for SysTick_Handler
    startup_stm32f103xb.o(.text) refers (Special) to heapauxi.o(.text) for __use_two_region_memory
    startup_stm32f103xb.o(.text) refers to system_stm32f1xx.o(.text.SystemInit) for SystemInit
    startup_stm32f103xb.o(.text) refers to __main.o(!!!main) for __main
    startup_stm32f103xb.o(.text) refers to startup_stm32f103xb.o(HEAP) for Heap_Mem
    startup_stm32f103xb.o(.text) refers to startup_stm32f103xb.o(STACK) for Stack_Mem
    stm32f1xx_it.o(.text.NMI_Handler) refers to stm32f1xx_hal_rcc.o(.text.HAL_RCC_NMI_IRQHandler) for HAL_RCC_NMI_IRQHandler
    stm32f1xx_it.o(.ARM.exidx.text.NMI_Handler) refers to stm32f1xx_it.o(.text.NMI_Handler) for [Anonymous Symbol]
    stm32f1xx_it.o(.ARM.exidx.text.HardFault_Handler) refers to stm32f1xx_it.o(.text.HardFault_Handler) for [Anonymous Symbol]
    stm32f1xx_it.o(.ARM.exidx.text.MemManage_Handler) refers to stm32f1xx_it.o(.text.MemManage_Handler) for [Anonymous Symbol]
    stm32f1xx_it.o(.ARM.exidx.text.BusFault_Handler) refers to stm32f1xx_it.o(.text.BusFault_Handler) for [Anonymous Symbol]
    stm32f1xx_it.o(.ARM.exidx.text.UsageFault_Handler) refers to stm32f1xx_it.o(.text.UsageFault_Handler) for [Anonymous Symbol]
    stm32f1xx_it.o(.ARM.exidx.text.SVC_Handler) refers to stm32f1xx_it.o(.text.SVC_Handler) for [Anonymous Symbol]
    stm32f1xx_it.o(.ARM.exidx.text.DebugMon_Handler) refers to stm32f1xx_it.o(.text.DebugMon_Handler) for [Anonymous Symbol]
    stm32f1xx_it.o(.ARM.exidx.text.PendSV_Handler) refers to stm32f1xx_it.o(.text.PendSV_Handler) for [Anonymous Symbol]
    stm32f1xx_it.o(.text.SysTick_Handler) refers to stm32f1xx_hal.o(.text.HAL_IncTick) for HAL_IncTick
    stm32f1xx_it.o(.ARM.exidx.text.SysTick_Handler) refers to stm32f1xx_it.o(.text.SysTick_Handler) for [Anonymous Symbol]
    stm32f1xx_hal_msp.o(.ARM.exidx.text.HAL_MspInit) refers to stm32f1xx_hal_msp.o(.text.HAL_MspInit) for [Anonymous Symbol]
    main.o(.text.__cxx_global_var_init) refers to main.o(.bss.stream) for stream
    main.o(.text.__cxx_global_var_init) refers to stream.o(.text._ZN6StreamC2Ev) for Stream::Stream()
    main.o(.text.__cxx_global_var_init) refers to stream.o(.text._ZN6StreamD2Ev) for Stream::~Stream()
    main.o(.text.__cxx_global_var_init) refers to cxa_atexit.o(.text) for __cxa_atexit
    main.o(.ARM.exidx.text.__cxx_global_var_init) refers to main.o(.text.__cxx_global_var_init) for [Anonymous Symbol]
    main.o(.text.main) refers to stm32f1xx_hal.o(.text.HAL_Init) for HAL_Init
    main.o(.text.main) refers to main.o(.text._Z18SystemClock_Configv) for SystemClock_Config()
    main.o(.text.main) refers to main.o(.text._ZL12MX_GPIO_Initv) for MX_GPIO_Init()
    main.o(.text.main) refers to main.o(.bss.message) for message
    main.o(.text.main) refers to main.o(.rodata.str1.1) for .L.str
    main.o(.text.main) refers to strcpy.o(.text) for strcpy
    main.o(.text.main) refers to strlen.o(.text) for strlen
    main.o(.text.main) refers to main.o(.bss.stream) for stream
    main.o(.text.main) refers to stream.o(.text._ZN6Stream13writeTxBufferEPKcj) for Stream::writeTxBuffer(char const*, unsigned int)
    main.o(.text.main) refers to main.o(.text._ZNSt3__212basic_stringIcNS_11char_traitsIcEENS_9allocatorIcEEEC2B6v16000Ev) for std::__2::basic_string<char, std::__2::char_traits<char>, std::__2::allocator<char>>::basic_string__sub_object[abi:v16000]()
[...]
    [Anonymous Symbol]                       0x08001348   Section        0  stm32f1xx_hal_rcc.o(.text.HAL_RCC_EnableCSS)
    [Anonymous Symbol]                       0x08001354   Section        0  stm32f1xx_hal_rcc.o(.text.HAL_RCC_GetSysClockFreq)
    [Anonymous Symbol]                       0x08001438   Section        0  stm32f1xx_hal_rcc.o(.text.HAL_RCC_NMI_IRQHandler)
    [Anonymous Symbol]                       0x08001460   Section        0  stm32f1xx_hal_rcc.o(.text.HAL_RCC_OscConfig)
    [Anonymous Symbol]                       0x08001adc   Section        0  stm32f1xx_hal_cortex.o(.text.HAL_SYSTICK_Config)
    [Anonymous Symbol]                       0x08001aec   Section        0  stm32f1xx_it.o(.text.HardFault_Handler)
    [Anonymous Symbol]                       0x08001af0   Section        0  stm32f1xx_it.o(.text.MemManage_Handler)
    [Anonymous Symbol]                       0x08001af4   Section        0  stm32f1xx_it.o(.text.NMI_Handler)
    NVIC_EncodePriority                      0x08001b01   Thumb Code   108  stm32f1xx_hal_cortex.o(.text.NVIC_EncodePriority)
    [Anonymous Symbol]                       0x08001b00   Section        0  stm32f1xx_hal_cortex.o(.text.NVIC_EncodePriority)
    [Anonymous Symbol]                       0x08001b6c   Section        0  stm32f1xx_it.o(.text.PendSV_Handler)
    RCC_Delay                                0x08001b71   Thumb Code    58  stm32f1xx_hal_rcc.o(.text.RCC_Delay)
    [Anonymous Symbol]                       0x08001b70   Section        0  stm32f1xx_hal_rcc.o(.text.RCC_Delay)
    [Anonymous Symbol]                       0x08001bac   Section        0  stm32f1xx_it.o(.text.SVC_Handler)
    SysTick_Config                           0x08001bb1   Thumb Code    82  stm32f1xx_hal_cortex.o(.text.SysTick_Config)
    [Anonymous Symbol]                       0x08001bb0   Section        0  stm32f1xx_hal_cortex.o(.text.SysTick_Config)
    [Anonymous Symbol]                       0x08001c04   Section        0  stm32f1xx_it.o(.text.SysTick_Handler)
    [Anonymous Symbol]                       0x08001c0c   Section        0  system_stm32f1xx.o(.text.SystemInit)
    [Anonymous Symbol]                       0x08001c10   Section        0  stm32f1xx_it.o(.text.UsageFault_Handler)
    _GLOBAL__sub_I_main.cpp                  0x08001c15   Thumb Code     8  main.o(.text._GLOBAL__sub_I_main.cpp)
    [Anonymous Symbol]                       0x08001c14   Section        0  main.o(.text._GLOBAL__sub_I_main.cpp)
    [Anonymous Symbol]                       0x08001c1c   Section        0  main.o(.text._Z18SystemClock_Configv)
    MX_GPIO_Init()                           0x08001c8d   Thumb Code    66  main.o(.text._ZL12MX_GPIO_Initv)
    [Anonymous Symbol]                       0x08001c8c   Section        0  main.o(.text._ZL12MX_GPIO_Initv)
    [Anonymous Symbol]                       0x08001cd0   Section        0  stream.o(.text._ZN6Stream11availableTxEv)
    [Anonymous Symbol]                       0x08001ce4   Section        0  stream.o(.text._ZN6Stream13writeTxBufferEPKcj)
    [Anonymous Symbol]                       0x08001d2c   Section        0  stream.o(.text._ZN6Stream16popFrontTxBufferEPNSt3__212basic_stringIcNS0_11char_traitsIcEENS0_9allocatorIcEEEEj)
    [Anonymous Symbol]                       0x08001d9c   Section        0  stream.o(.text._ZN6StreamC2Ev)
    [Anonymous Symbol]                       0x08001dd0   Section        0  stream.o(.text._ZN6StreamD2Ev)
    [Anonymous Symbol]                       0x08001e04   Section        0  main.o(.text._ZNKSt3__212basic_stringIcNS_11char_traitsIcEENS_9allocatorIcEEE13__get_pointerB6v16000Ev)
    [Anonymous Symbol]                       0x08001e30   Section        0  stream.o(.text._ZNKSt3__212basic_stringIcNS_11char_traitsIcEENS_9allocatorIcEEE14__get_long_capB6v16000Ev)
    [Anonymous Symbol]                       0x08001e48   Section        0  main.o(.text._ZNKSt3__212basic_stringIcNS_11char_traitsIcEENS_9allocatorIcEEE18__get_long_pointerB6v16000Ev)
    [Anonymous Symbol]                       0x08001e5c   Section        0  main.o(.text._ZNKSt3__212basic_stringIcNS_11char_traitsIcEENS_9allocatorIcEEE19__get_short_pointerB6v16000Ev)
    [Anonymous Symbol]                       0x08001e70   Section        0  main.o(.text._ZNKSt3__212basic_stringIcNS_11char_traitsIcEENS_9allocatorIcEEE4dataB6v16000Ev)
    [Anonymous Symbol]                       0x08001e84   Section        0  main.o(.text._ZNKSt3__212basic_stringIcNS_11char_traitsIcEENS_9allocatorIcEEE5c_strB6v16000Ev)
    [Anonymous Symbol]                       0x08001e94   Section        0  main.o(.text._ZNKSt3__212basic_stringIcNS_11char_traitsIcEENS_9allocatorIcEEE9__is_longB6v16000Ev)
    [Anonymous Symbol]                       0x08001ea8   Section        0  main.o(.text._ZNKSt3__217__compressed_pairINS_12basic_stringIcNS_11char_traitsIcEENS_9allocatorIcEEE5__repES5_E5firstB6v16000Ev)
    [Anonymous Symbol]                       0x08001eb8   Section        0  main.o(.text._ZNKSt3__222__compressed_pair_elemINS_12basic_stringIcNS_11char_traitsIcEENS_9allocatorIcEEE5__repELi0ELb0EE5__getB6v16000Ev)
    [Anonymous Symbol]                       0x08001ec4   Section        0  stream.o(.text._ZNSt3__211char_traitsIcE6assignERcRKc)
    [Anonymous Symbol]                       0x08001ed8   Section        0  main.o(.text._ZNSt3__212__to_addressB6v16000IKcEEPT_S3_)
    [Anonymous Symbol]                       0x08001ee4   Section        0  stream.o(.text._ZNSt3__212basic_stringIcNS_11char_traitsIcEENS_9allocatorIcEEE13__move_assignB6v16000ERS5_NS_17integral_constantIbLb1EEE)
    [Anonymous Symbol]                       0x08001f68   Section        0  main.o(.text._ZNSt3__212basic_stringIcNS_11char_traitsIcEENS_9allocatorIcEEE14__default_initB6v16000Ev)
    [Anonymous Symbol]                       0x08001f90   Section        0  stream.o(.text._ZNSt3__212basic_stringIcNS_11char_traitsIcEENS_9allocatorIcEEE16__set_short_sizeB6v16000Ej)
    [Anonymous Symbol]                       0x08001fcc   Section        0  stream.o(.text._ZNSt3__212basic_stringIcNS_11char_traitsIcEENS_9allocatorIcEEE18__get_long_pointerB6v16000Ev)
    [Anonymous Symbol]                       0x08001fe0   Section        0  stream.o(.text._ZNSt3__212basic_stringIcNS_11char_traitsIcEENS_9allocatorIcEEE19__get_short_pointerB6v16000Ev)
    [Anonymous Symbol]                       0x08001ff4   Section        0  stream.o(.text._ZNSt3__212basic_stringIcNS_11char_traitsIcEENS_9allocatorIcEEE19__move_assign_allocB6v16000ERS5_)
    [Anonymous Symbol]                       0x08002008   Section        0  stream.o(.text._ZNSt3__212basic_stringIcNS_11char_traitsIcEENS_9allocatorIcEEE19__move_assign_allocB6v16000ERS5_NS_17integral_constantIbLb1EEE)
    [Anonymous Symbol]                       0x08002024   Section        0  string.cpp.o(.text._ZNSt3__212basic_stringIcNS_11char_traitsIcEENS_9allocatorIcEEE6__initEPKcj)
    [Anonymous Symbol]                       0x08002078   Section        0  stream.o(.text._ZNSt3__212basic_stringIcNS_11char_traitsIcEENS_9allocatorIcEEE7__allocB6v16000Ev)
    [Anonymous Symbol]                       0x08002088   Section        0  stream.o(.text._ZNSt3__212basic_stringIcNS_11char_traitsIcEENS_9allocatorIcEEEC2B6v16000EPKcj)
    [Anonymous Symbol]                       0x080020d0   Section        0  main.o(.text._ZNSt3__212basic_stringIcNS_11char_traitsIcEENS_9allocatorIcEEEC2B6v16000Ev)
    [Anonymous Symbol]                       0x080020f4   Section        0  string.cpp.o(.text._ZNSt3__212basic_stringIcNS_11char_traitsIcEENS_9allocatorIcEEED2Ev)
    [Anonymous Symbol]                       0x08002114   Section        0  stream.o(.text._ZNSt3__212basic_stringIcNS_11char_traitsIcEENS_9allocatorIcEEEaSB6v16000EOS5_)
    [Anonymous Symbol]                       0x0800212c   Section        0  main.o(.text._ZNSt3__214pointer_traitsIPKcE10pointer_toB6v16000ERS1_)
    [Anonymous Symbol]                       0x08002138   Section        0  stream.o(.text._ZNSt3__214pointer_traitsIPcE10pointer_toB6v16000ERc)
    [Anonymous Symbol]                       0x08002144   Section        0  main.o(.text._ZNSt3__216__non_trivial_ifILb1ENS_9allocatorIcEEEC2B6v16000Ev)
    [Anonymous Symbol]                       0x08002150   Section        0  stream.o(.text._ZNSt3__216allocator_traitsINS_9allocatorIcEEE10deallocateB6v16000ERS2_Pcj)
    [Anonymous Symbol]                       0x08002168   Section        0  main.o(.text._ZNSt3__217__compressed_pairINS_12basic_stringIcNS_11char_traitsIcEENS_9allocatorIcEEE5__repES5_E5firstB6v16000Ev)
    [Anonymous Symbol]                       0x08002178   Section        0  stream.o(.text._ZNSt3__217__compressed_pairINS_12basic_stringIcNS_11char_traitsIcEENS_9allocatorIcEEE5__repES5_E6secondB6v16000Ev)
    [Anonymous Symbol]                       0x08002188   Section        0  main.o(.text._ZNSt3__217__compressed_pairINS_12basic_stringIcNS_11char_traitsIcEENS_9allocatorIcEEE5__repES5_EC2B6v16000INS_18__default_init_tagESA_EEOT_OT0_)
    [Anonymous Symbol]                       0x080021a8   Section        0  main.o(.text._ZNSt3__219__debug_db_insert_cB6v16000INS_12basic_stringIcNS_11char_traitsIcEENS_9allocatorIcEEEEEEvPT_)
    [Anonymous Symbol]                       0x080021b0   Section        0  stream.o(.text._ZNSt3__219__libcpp_deallocateB6v16000EPvjj)
    [Anonymous Symbol]                       0x080021c8   Section        0  main.o(.text._ZNSt3__222__compressed_pair_elemINS_12basic_stringIcNS_11char_traitsIcEENS_9allocatorIcEEE5__repELi0ELb0EE5__getB6v16000Ev)
    [Anonymous Symbol]                       0x080021d4   Section        0  main.o(.text._ZNSt3__222__compressed_pair_elemINS_12basic_stringIcNS_11char_traitsIcEENS_9allocatorIcEEE5__repELi0ELb0EEC2B6v16000ENS_18__default_init_tagE)
    [Anonymous Symbol]                       0x080021e0   Section        0  stream.o(.text._ZNSt3__222__compressed_pair_elemINS_9allocatorIcEELi1ELb1EE5__getB6v16000Ev)
    [Anonymous Symbol]                       0x080021ec   Section        0  main.o(.text._ZNSt3__222__compressed_pair_elemINS_9allocatorIcEELi1ELb1EEC2B6v16000ENS_18__default_init_tagE)
    [Anonymous Symbol]                       0x08002200   Section        0  stream.o(.text._ZNSt3__224__libcpp_operator_deleteB6v16000IJPvjEEEvDpT_)
    [Anonymous Symbol]                       0x08002214   Section        0  stream.o(.text._ZNSt3__227__do_deallocate_handle_sizeB6v16000IJEEEvPvjDpT_)
    [Anonymous Symbol]                       0x08002228   Section        0  stream.o(.text._ZNSt3__29allocatorIcE10deallocateB6v16000EPcj)
    [Anonymous Symbol]                       0x08002240   Section        0  main.o(.text._ZNSt3__29allocatorIcEC2B6v16000Ev)
    [Anonymous Symbol]                       0x08002254   Section        0  cxa_handlers.cpp.o(.text._ZSt15get_new_handlerv)
    [Anonymous Symbol]                       0x08002260   Section        0  new.cpp.o(.text._ZdaPv)
    [Anonymous Symbol]                       0x08002264   Section        0  new.cpp.o(.text._ZdlPv)
    [Anonymous Symbol]                       0x08002268   Section        0  new.cpp.o(.text._ZdlPvj)
    [Anonymous Symbol]                       0x0800226c   Section        0  new.cpp.o(.text._Znaj)
    [Anonymous Symbol]                       0x08002270   Section        0  new.cpp.o(.text._Znwj)
    __NVIC_GetPriorityGrouping               0x08002299   Thumb Code    16  stm32f1xx_hal_cortex.o(.text.__NVIC_GetPriorityGrouping)
    [Anonymous Symbol]                       0x08002298   Section        0  stm32f1xx_hal_cortex.o(.text.__NVIC_GetPriorityGrouping)
    __NVIC_SetPriority                       0x080022a9   Thumb Code    66  stm32f1xx_hal_cortex.o(.text.__NVIC_SetPriority)
    [Anonymous Symbol]                       0x080022a8   Section        0  stm32f1xx_hal_cortex.o(.text.__NVIC_SetPriority)
    __NVIC_SetPriorityGrouping               0x080022ed   Thumb Code    60  stm32f1xx_hal_cortex.o(.text.__NVIC_SetPriorityGrouping)
    [Anonymous Symbol]                       0x080022ec   Section        0  stm32f1xx_hal_cortex.o(.text.__NVIC_SetPriorityGrouping)
    __cxx_global_var_init                    0x08002329   Thumb Code    44  main.o(.text.__cxx_global_var_init)
    [Anonymous Symbol]                       0x08002328   Section        0  main.o(.text.__cxx_global_var_init)
    [Anonymous Symbol]                       0x08002354   Section        0  main.o(.text.main)
    CL$$btod_d2e                             0x080023d8   Section       62  btod.o(CL$$btod_d2e)
    CL$$btod_d2e_denorm_low                  0x08002416   Section       70  btod.o(CL$$btod_d2e_denorm_low)
    CL$$btod_d2e_norm_op1                    0x0800245c   Section       96  btod.o(CL$$btod_d2e_norm_op1)
    CL$$btod_div_common                      0x080024bc   Section      824  btod.o(CL$$btod_div_common)
    CL$$btod_e2e                             0x080027f4   Section      220  btod.o(CL$$btod_e2e)
    CL$$btod_ediv                            0x080028d0   Section       42  btod.o(CL$$btod_ediv)
    CL$$btod_emul                            0x080028fa   Section       42  btod.o(CL$$btod_emul)
    CL$$btod_mult_common                     0x08002924   Section      580  btod.o(CL$$btod_mult_common)
    i.__ARM_fpclassify                       0x08002b68   Section        0  fpclassify.o(i.__ARM_fpclassify)
    locale$$code                             0x08002b90   Section       44  lc_numeric_c.o(locale$$code)
    x$fpl$printf1                            0x08002bbc   Section        4  printf1.o(x$fpl$printf1)
    tenpwrs_x                                0x08002bc0   Data          60  bigflt0.o(.constdata)
    .constdata                               0x08002bc0   Section      148  bigflt0.o(.constdata)
    x$fpl$usenofp                            0x08002bc0   Section        0  usenofp.o(x$fpl$usenofp)
    tenpwrs_i                                0x08002bfc   Data          64  bigflt0.o(.constdata)
    .L.str                                   0x08002c64   Data           6  main.o(.rodata.str1.1)
    [Anonymous Symbol]                       0x08002c64   Section        0  main.o(.rodata.str1.1)
    locale$$data                             0x08002c8c   Section       28  lc_numeric_c.o(locale$$data)
    __lcnum_c_name                           0x08002c90   Data           2  lc_numeric_c.o(locale$$data)
    __lcnum_c_start                          0x08002c98   Data           0  lc_numeric_c.o(locale$$data)
    __lcnum_c_point                          0x08002ca4   Data           0  lc_numeric_c.o(locale$$data)
    __lcnum_c_thousands                      0x08002ca6   Data           0  lc_numeric_c.o(locale$$data)
    __lcnum_c_grouping                       0x08002ca7   Data           0  lc_numeric_c.o(locale$$data)
    __lcnum_c_end                            0x08002ca8   Data           0  lc_numeric_c.o(locale$$data)
    .init_array                              0x08002cac   Section        0  init_aeabi.o(.init_array)
    .bss                                     0x20000010   Section       96  libspace.o(.bss)
    Heap_Mem                                 0x20000160   Data         512  startup_stm32f103xb.o(HEAP)
    HEAP                                     0x20000160   Section      512  startup_stm32f103xb.o(HEAP)
    Stack_Mem                                0x20000360   Data        1024  startup_stm32f103xb.o(STACK)
    STACK                                    0x20000360   Section     1024  startup_stm32f103xb.o(STACK)
    __initial_sp                             0x20000760   Data           0  startup_stm32f103xb.o(STACK)

    Global Symbols

    Symbol Name                              Value     Ov Type        Size  Object(Section)

    BuildAttributes$$THM_ISAv4$P$D$K$B$S$PE$A:L22UL41UL21$X:L11$S22US41US21$IEEE1$IW$~IW$USESV6$~STKCKD$USESV7$~SHL$OTIME$ROPI$IEEEX$EBA8$UX$STANDARDLIB$REQ8$PRES8$EABIv2 0x00000000   Number         0  anon$$obj.o ABSOLUTE
    __fp_init_empty                          0x00000000   Number         0  fpinit_empty.o ABSOLUTE
    _printf_flags                            0x00000000   Number         0  printf_stubs.o ABSOLUTE
    _printf_return_value                     0x00000000   Number         0  printf_stubs.o ABSOLUTE
    _printf_sizespec                         0x00000000   Number         0  printf_stubs.o ABSOLUTE
    _printf_widthprec                        0x00000000   Number         0  printf_stubs.o ABSOLUTE
    __ARM_exceptions_init                     - Undefined Weak Reference
    __alloca_initialize                       - Undefined Weak Reference
    __arm_preinit_                            - Undefined Weak Reference
    __arm_relocate_pie_                       - Undefined Weak Reference
    __sigvec_lookup                           - Undefined Weak Reference
    __user_heap_extent                        - Undefined Weak Reference
    _atexit_init                              - Undefined Weak Reference
    _call_atexit_fns                          - Undefined Weak Reference
    _clock_init                               - Undefined Weak Reference
    _fp_trap_init                             - Undefined Weak Reference
    _fp_trap_shutdown                         - Undefined Weak Reference
    _get_lc_collate                           - Undefined Weak Reference
    _get_lc_monetary                          - Undefined Weak Reference
    _get_lc_time                              - Undefined Weak Reference
    _getenv_init                              - Undefined Weak Reference
    _handle_redirection                       - Undefined Weak Reference
    _mutex_acquire                            - Undefined Weak Reference
    _mutex_free                               - Undefined Weak Reference
    _mutex_release                            - Undefined Weak Reference
    _printf_mbtowc                            - Undefined Weak Reference
    _printf_wc                                - Undefined Weak Reference
    _rand_init                                - Undefined Weak Reference
    _signal_finish                            - Undefined Weak Reference
    _signal_init                              - Undefined Weak Reference
    __Vectors_Size                           0x000000ec   Number         0  startup_stm32f103xb.o ABSOLUTE
    __Vectors                                0x08000000   Data           4  startup_stm32f103xb.o(RESET)
    __dso_handle                             0x08000000   Number         0  startup_stm32f103xb.o(RESET)
    __Vectors_End                            0x080000ec   Data           0  startup_stm32f103xb.o(RESET)
    __main                                   0x080000ed   Thumb Code     8  __main.o(!!!main)
    __scatterload                            0x080000f5   Thumb Code     0  __scatter.o(!!!scatter)
    __scatterload_rt2                        0x080000f5   Thumb Code    44  __scatter.o(!!!scatter)
    __scatterload_rt2_thumb_only             0x080000f5   Thumb Code     0  __scatter.o(!!!scatter)
    __scatterload_null                       0x08000103   Thumb Code     0  __scatter.o(!!!scatter)
    __scatterload_copy                       0x08000129   Thumb Code    26  __scatter_copy.o(!!handler_copy)
    __scatterload_zeroinit                   0x08000145   Thumb Code    28  __scatter_zi.o(!!handler_zi)
    _printf_f                                0x08000161   Thumb Code     0  _printf_f.o(.ARM.Collect$$_printf_percent$$00000003)
    _printf_percent                          0x08000161   Thumb Code     0  _printf_percent.o(.ARM.Collect$$_printf_percent$$00000000)
    _printf_s                                0x08000167   Thumb Code     0  _printf_s.o(.ARM.Collect$$_printf_percent$$00000014)
    _printf_percent_end                      0x0800016d   Thumb Code     0  _printf_percent_end.o(.ARM.Collect$$_printf_percent$$00000017)
    __rt_lib_init                            0x08000171   Thumb Code     0  libinit.o(.ARM.Collect$$libinit$$00000000)
    __rt_lib_init_fp_1                       0x08000173   Thumb Code     0  libinit2.o(.ARM.Collect$$libinit$$00000002)
    __rt_lib_init_heap_2                     0x08000173   Thumb Code     0  libinit2.o(.ARM.Collect$$libinit$$00000007)
    __rt_lib_init_preinit_1                  0x08000173   Thumb Code     0  libinit2.o(.ARM.Collect$$libinit$$00000006)
    __rt_lib_init_relocate_pie_1             0x08000173   Thumb Code     0  libinit2.o(.ARM.Collect$$libinit$$00000004)
    __rt_lib_init_heap_1                     0x0800017b   Thumb Code     0  libinit2.o(.ARM.Collect$$libinit$$0000000C)
    __rt_lib_init_lc_common                  0x0800017b   Thumb Code     0  libinit2.o(.ARM.Collect$$libinit$$00000011)
    __rt_lib_init_rand_1                     0x0800017b   Thumb Code     0  libinit2.o(.ARM.Collect$$libinit$$00000010)
    __rt_lib_init_user_alloc_1               0x0800017b   Thumb Code     0  libinit2.o(.ARM.Collect$$libinit$$0000000E)
    __rt_lib_init_lc_collate_1               0x08000181   Thumb Code     0  libinit2.o(.ARM.Collect$$libinit$$00000013)
    __rt_lib_init_lc_ctype_1                 0x08000181   Thumb Code     0  libinit2.o(.ARM.Collect$$libinit$$00000015)
    __rt_lib_init_lc_monetary_1              0x08000181   Thumb Code     0  libinit2.o(.ARM.Collect$$libinit$$00000017)
    __rt_lib_init_lc_numeric_2               0x08000181   Thumb Code     0  libinit2.o(.ARM.Collect$$libinit$$00000018)
    __rt_lib_init_alloca_1                   0x0800018b   Thumb Code     0  libinit2.o(.ARM.Collect$$libinit$$00000030)
    __rt_lib_init_argv_1                     0x0800018b   Thumb Code     0  libinit2.o(.ARM.Collect$$libinit$$0000002E)
    __rt_lib_init_atexit_1                   0x0800018b   Thumb Code     0  libinit2.o(.ARM.Collect$$libinit$$0000001D)
    __rt_lib_init_clock_1                    0x0800018b   Thumb Code     0  libinit2.o(.ARM.Collect$$libinit$$00000023)
    __rt_lib_init_cpp_2                      0x0800018b   Thumb Code     0  libinit2.o(.ARM.Collect$$libinit$$00000033)
    __rt_lib_init_exceptions_1               0x0800018b   Thumb Code     0  libinit2.o(.ARM.Collect$$libinit$$00000032)
    __rt_lib_init_fp_trap_1                  0x0800018b   Thumb Code     0  libinit2.o(.ARM.Collect$$libinit$$00000021)
    __rt_lib_init_getenv_1                   0x0800018b   Thumb Code     0  libinit2.o(.ARM.Collect$$libinit$$00000025)
    __rt_lib_init_lc_numeric_1               0x0800018b   Thumb Code     0  libinit2.o(.ARM.Collect$$libinit$$00000019)
    __rt_lib_init_lc_time_1                  0x0800018b   Thumb Code     0  libinit2.o(.ARM.Collect$$libinit$$0000001B)
    __rt_lib_init_signal_1                   0x0800018b   Thumb Code     0  libinit2.o(.ARM.Collect$$libinit$$0000001F)
    __rt_lib_init_stdio_1                    0x0800018b   Thumb Code     0  libinit2.o(.ARM.Collect$$libinit$$00000027)
    __rt_lib_init_cpp_1                      0x0800018f   Thumb Code     0  libinit2.o(.ARM.Collect$$libinit$$00000034)
    __rt_lib_init_return                     0x0800018f   Thumb Code     0  libinit2.o(.ARM.Collect$$libinit$$00000035)
    __rt_lib_shutdown                        0x08000191   Thumb Code     0  libshutdown.o(.ARM.Collect$$libshutdown$$00000000)
    __rt_lib_shutdown_cpp_2                  0x08000193   Thumb Code     0  libshutdown2.o(.ARM.Collect$$libshutdown$$00000001)
    __rt_lib_shutdown_cpp_1                  0x08000199   Thumb Code     0  libshutdown2.o(.ARM.Collect$$libshutdown$$00000002)
    __rt_lib_shutdown_fp_trap_1              0x08000199   Thumb Code     0  libshutdown2.o(.ARM.Collect$$libshutdown$$00000007)
    __rt_lib_shutdown_heap_1                 0x08000199   Thumb Code     0  libshutdown2.o(.ARM.Collect$$libshutdown$$0000000F)
    __rt_lib_shutdown_return                 0x08000199   Thumb Code     0  libshutdown2.o(.ARM.Collect$$libshutdown$$00000010)
    __rt_lib_shutdown_signal_1               0x08000199   Thumb Code     0  libshutdown2.o(.ARM.Collect$$libshutdown$$0000000A)
    __rt_lib_shutdown_stdio_1                0x08000199   Thumb Code     0  libshutdown2.o(.ARM.Collect$$libshutdown$$00000004)
    __rt_lib_shutdown_user_alloc_1           0x08000199   Thumb Code     0  libshutdown2.o(.ARM.Collect$$libshutdown$$0000000C)
    __rt_entry                               0x0800019b   Thumb Code     0  __rtentry.o(.ARM.Collect$$rtentry$$00000000)
    __rt_entry_presh_1                       0x0800019b   Thumb Code     0  __rtentry2.o(.ARM.Collect$$rtentry$$00000002)
    __rt_entry_sh                            0x0800019b   Thumb Code     0  __rtentry4.o(.ARM.Collect$$rtentry$$00000004)
    __rt_entry_li                            0x080001a1   Thumb Code     0  __rtentry2.o(.ARM.Collect$$rtentry$$0000000A)
    __rt_entry_postsh_1                      0x080001a1   Thumb Code     0  __rtentry2.o(.ARM.Collect$$rtentry$$00000009)
    __rt_entry_main                          0x080001a5   Thumb Code     0  __rtentry2.o(.ARM.Collect$$rtentry$$0000000D)
    __rt_entry_postli_1                      0x080001a5   Thumb Code     0  __rtentry2.o(.ARM.Collect$$rtentry$$0000000C)
    __rt_exit                                0x080001ad   Thumb Code     0  rtexit.o(.ARM.Collect$$rtexit$$00000000)
    __rt_exit_ls                             0x080001af   Thumb Code     0  rtexit2.o(.ARM.Collect$$rtexit$$00000003)
    __rt_exit_prels_1                        0x080001af   Thumb Code     0  rtexit2.o(.ARM.Collect$$rtexit$$00000002)
    __rt_exit_exit                           0x080001b3   Thumb Code     0  rtexit2.o(.ARM.Collect$$rtexit$$00000004)
    Reset_Handler                            0x080001b9   Thumb Code     8  startup_stm32f103xb.o(.text)
    ADC1_2_IRQHandler                        0x080001d3   Thumb Code     0  startup_stm32f103xb.o(.text)
    CAN1_RX1_IRQHandler                      0x080001d3   Thumb Code     0  startup_stm32f103xb.o(.text)
    CAN1_SCE_IRQHandler                      0x080001d3   Thumb Code     0  startup_stm32f103xb.o(.text)
    DMA1_Channel1_IRQHandler                 0x080001d3   Thumb Code     0  startup_stm32f103xb.o(.text)
    DMA1_Channel2_IRQHandler                 0x080001d3   Thumb Code     0  startup_stm32f103xb.o(.text)
    DMA1_Channel3_IRQHandler                 0x080001d3   Thumb Code     0  startup_stm32f103xb.o(.text)
    DMA1_Channel4_IRQHandler                 0x080001d3   Thumb Code     0  startup_stm32f103xb.o(.text)
    DMA1_Channel5_IRQHandler                 0x080001d3   Thumb Code     0  startup_stm32f103xb.o(.text)
    DMA1_Channel6_IRQHandler                 0x080001d3   Thumb Code     0  startup_stm32f103xb.o(.text)
    DMA1_Channel7_IRQHandler                 0x080001d3   Thumb Code     0  startup_stm32f103xb.o(.text)
    EXTI0_IRQHandler                         0x080001d3   Thumb Code     0  startup_stm32f103xb.o(.text)
    EXTI15_10_IRQHandler                     0x080001d3   Thumb Code     0  startup_stm32f103xb.o(.text)
    EXTI1_IRQHandler                         0x080001d3   Thumb Code     0  startup_stm32f103xb.o(.text)
    EXTI2_IRQHandler                         0x080001d3   Thumb Code     0  startup_stm32f103xb.o(.text)
    EXTI3_IRQHandler                         0x080001d3   Thumb Code     0  startup_stm32f103xb.o(.text)
    EXTI4_IRQHandler                         0x080001d3   Thumb Code     0  startup_stm32f103xb.o(.text)
    EXTI9_5_IRQHandler                       0x080001d3   Thumb Code     0  startup_stm32f103xb.o(.text)
    FLASH_IRQHandler                         0x080001d3   Thumb Code     0  startup_stm32f103xb.o(.text)
    I2C1_ER_IRQHandler                       0x080001d3   Thumb Code     0  startup_stm32f103xb.o(.text)
    I2C1_EV_IRQHandler                       0x080001d3   Thumb Code     0  startup_stm32f103xb.o(.text)
    I2C2_ER_IRQHandler                       0x080001d3   Thumb Code     0  startup_stm32f103xb.o(.text)
    I2C2_EV_IRQHandler                       0x080001d3   Thumb Code     0  startup_stm32f103xb.o(.text)
    PVD_IRQHandler                           0x080001d3   Thumb Code     0  startup_stm32f103xb.o(.text)
    RCC_IRQHandler                           0x080001d3   Thumb Code     0  startup_stm32f103xb.o(.text)
    RTC_Alarm_IRQHandler                     0x080001d3   Thumb Code     0  startup_stm32f103xb.o(.text)
    RTC_IRQHandler                           0x080001d3   Thumb Code     0  startup_stm32f103xb.o(.text)
    SPI1_IRQHandler                          0x080001d3   Thumb Code     0  startup_stm32f103xb.o(.text)
    SPI2_IRQHandler                          0x080001d3   Thumb Code     0  startup_stm32f103xb.o(.text)
    TAMPER_IRQHandler                        0x080001d3   Thumb Code     0  startup_stm32f103xb.o(.text)
    TIM1_BRK_IRQHandler                      0x080001d3   Thumb Code     0  startup_stm32f103xb.o(.text)
    TIM1_CC_IRQHandler                       0x080001d3   Thumb Code     0  startup_stm32f103xb.o(.text)
    TIM1_TRG_COM_IRQHandler                  0x080001d3   Thumb Code     0  startup_stm32f103xb.o(.text)
    TIM1_UP_IRQHandler                       0x080001d3   Thumb Code     0  startup_stm32f103xb.o(.text)
    TIM2_IRQHandler                          0x080001d3   Thumb Code     0  startup_stm32f103xb.o(.text)
    TIM3_IRQHandler                          0x080001d3   Thumb Code     0  startup_stm32f103xb.o(.text)
    TIM4_IRQHandler                          0x080001d3   Thumb Code     0  startup_stm32f103xb.o(.text)
    USART1_IRQHandler                        0x080001d3   Thumb Code     0  startup_stm32f103xb.o(.text)
    USART2_IRQHandler                        0x080001d3   Thumb Code     0  startup_stm32f103xb.o(.text)
    USART3_IRQHandler                        0x080001d3   Thumb Code     0  startup_stm32f103xb.o(.text)
    USBWakeUp_IRQHandler                     0x080001d3   Thumb Code     0  startup_stm32f103xb.o(.text)
    USB_HP_CAN1_TX_IRQHandler                0x080001d3   Thumb Code     0  startup_stm32f103xb.o(.text)
    USB_LP_CAN1_RX0_IRQHandler               0x080001d3   Thumb Code     0  startup_stm32f103xb.o(.text)
    WWDG_IRQHandler                          0x080001d3   Thumb Code     0  startup_stm32f103xb.o(.text)
    __user_initial_stackheap                 0x080001d5   Thumb Code     0  startup_stm32f103xb.o(.text)
    __cxa_atexit                             0x080001f9   Thumb Code    10  cxa_atexit.o(.text)
    strcpy                                   0x08000203   Thumb Code    72  strcpy.o(.text)
    strlen                                   0x0800024b   Thumb Code    62  strlen.o(.text)
    __aeabi_memcpy                           0x08000289   Thumb Code     0  rt_memcpy_v6.o(.text)
    __rt_memcpy                              0x08000289   Thumb Code   138  rt_memcpy_v6.o(.text)
    _memcpy_lastbytes                        0x080002ef   Thumb Code     0  rt_memcpy_v6.o(.text)
    __aeabi_memmove                          0x08000313   Thumb Code     0  rt_memmove_v6.o(.text)
    __rt_memmove                             0x08000313   Thumb Code   132  rt_memmove_v6.o(.text)
    __memmove_lastfew                        0x08000373   Thumb Code     0  rt_memmove_v6.o(.text)
    __aeabi_memclr4                          0x08000397   Thumb Code     0  rt_memclr_w.o(.text)
    __aeabi_memclr8                          0x08000397   Thumb Code     0  rt_memclr_w.o(.text)
    __rt_memclr_w                            0x08000397   Thumb Code     0  rt_memclr_w.o(.text)
    _memset_w                                0x0800039b   Thumb Code    74  rt_memclr_w.o(.text)
    strcmp                                   0x080003e5   Thumb Code   128  strcmpv7m.o(.text)
    __use_two_region_memory                  0x08000465   Thumb Code     2  heapauxi.o(.text)
    __rt_heap_escrow                         0x08000467   Thumb Code     2  heapauxi.o(.text)
    __rt_heap_expand                         0x08000469   Thumb Code     2  heapauxi.o(.text)
    __cpp_initialize__aeabi_                 0x0800046d   Thumb Code    28  init_aeabi.o(.text)
    malloc                                   0x08000491   Thumb Code    94  h1_alloc.o(.text)
    free                                     0x080004ef   Thumb Code    78  h1_free.o(.text)
    _printf_str                              0x0800053d   Thumb Code    82  _printf_str.o(.text)
    abort                                    0x0800058f   Thumb Code    22  abort.o(.text)
    __aeabi_atexit                           0x080005a5   Thumb Code    46  aeabi_atexit.o(.text)
    __aeabi_memcpy4                          0x080005d3   Thumb Code     0  rt_memcpy_w.o(.text)
    __aeabi_memcpy8                          0x080005d3   Thumb Code     0  rt_memcpy_w.o(.text)
    __rt_memcpy_w                            0x080005d3   Thumb Code   100  rt_memcpy_w.o(.text)
    _memcpy_lastbytes_aligned                0x0800061b   Thumb Code     0  rt_memcpy_w.o(.text)
    __aeabi_memmove4                         0x08000637   Thumb Code     0  rt_memmove_w.o(.text)
    __aeabi_memmove8                         0x08000637   Thumb Code     0  rt_memmove_w.o(.text)
    __rt_memmove_w                           0x08000637   Thumb Code   122  rt_memmove_w.o(.text)
    __memmove_aligned                        0x0800065d   Thumb Code     0  rt_memmove_w.o(.text)
    __memmove_lastfew_aligned                0x08000695   Thumb Code     0  rt_memmove_w.o(.text)
    _sys_exit                                0x080006b1   Thumb Code     8  sys_exit.o(.text)
    __user_libspace                          0x080006bd   Thumb Code     8  libspace.o(.text)
    __user_perproc_libspace                  0x080006bd   Thumb Code     0  libspace.o(.text)
    __user_perthread_libspace                0x080006bd   Thumb Code     0  libspace.o(.text)
    __rt_heap_descriptor                     0x080006c5   Thumb Code     8  rt_heap_descriptor_intlibspace.o(.text)
    __rt_ddtor_pointer_addr                  0x080006cd   Thumb Code     8  rt_ddtor_pointer_addr_intlibspace.o(.text)
    __use_no_heap                            0x080006d5   Thumb Code     2  hguard.o(.text)
    __heap$guard                             0x080006d7   Thumb Code     2  hguard.o(.text)
    _terminate_user_alloc                    0x080006d9   Thumb Code     2  init_alloc.o(.text)
    _init_user_alloc                         0x080006db   Thumb Code     2  init_alloc.o(.text)
    __Heap_Full                              0x080006dd   Thumb Code    34  init_alloc.o(.text)
    __Heap_Broken                            0x080006ff   Thumb Code     6  init_alloc.o(.text)
    _init_alloc                              0x08000705   Thumb Code    94  init_alloc.o(.text)
    __Heap_Initialize                        0x08000763   Thumb Code    10  h1_init.o(.text)
    __Heap_DescSize                          0x0800076d   Thumb Code     4  h1_init.o(.text)
    _ll_udiv10                               0x08000771   Thumb Code   138  lludiv10.o(.text)
    _printf_fp_dec_real                      0x080009ab   Thumb Code   620  _printf_fp_dec.o(.text)
    _printf_cs_common                        0x08000c17   Thumb Code    20  _printf_char.o(.text)
    _printf_char                             0x08000c2b   Thumb Code    16  _printf_char.o(.text)
    _printf_string                           0x08000c3b   Thumb Code     8  _printf_char.o(.text)
    __cxa_finalize                           0x08000c43   Thumb Code    66  cxa_finalize.o(.text)
    __rt_SIGABRT                             0x08000c85   Thumb Code    14  defsig_abrt_outer.o(.text)
    __I$use$semihosting                      0x08000c93   Thumb Code     0  use_no_semi.o(.text)
    __use_no_semihosting_swi                 0x08000c93   Thumb Code     2  use_no_semi.o(.text)
    __semihosting_library_function           0x08000c95   Thumb Code     0  indicate_semi.o(.text)
    __user_setup_stackheap                   0x08000c95   Thumb Code    74  sys_stackheap_outer.o(.text)
    __rt_locale                              0x08000ce1   Thumb Code     8  rt_locale_intlibspace.o(.text)
    __Heap_ProvideMemory                     0x08000ce9   Thumb Code    52  h1_extend.o(.text)
    _maybe_terminate_alloc                   0x08000ce9   Thumb Code     0  maybetermalloc1.o(.text)
    _printf_fp_infnan                        0x08000d1d   Thumb Code   112  _printf_fp_infnan.o(.text)
    _btod_etento                             0x08000d9d   Thumb Code   224  bigflt0.o(.text)
    exit                                     0x08000e81   Thumb Code    18  exit.o(.text)
    __sig_exit                               0x08000e93   Thumb Code    10  defsig_exit.o(.text)
    __rt_SIGABRT_inner                       0x08000e9d   Thumb Code    14  defsig_abrt_inner.o(.text)
    __rt_SIGRTMEM                            0x08000ecd   Thumb Code    14  defsig_rtmem_outer.o(.text)
    __default_signal_display                 0x08000edb   Thumb Code    50  defsig_general.o(.text)
    __rt_SIGRTMEM_inner                      0x08000f0d   Thumb Code    22  defsig_rtmem_inner.o(.text)
    _ttywrch                                 0x08000f5d   Thumb Code    14  sys_wrch.o(.text)
    BusFault_Handler                         0x08000f6d   Thumb Code     4  stm32f1xx_it.o(.text.BusFault_Handler)
    DebugMon_Handler                         0x08000f71   Thumb Code     2  stm32f1xx_it.o(.text.DebugMon_Handler)
    Error_Handler                            0x08000f75   Thumb Code    14  main.o(.text.Error_Handler)
    HAL_GetTick                              0x08000f85   Thumb Code    12  stm32f1xx_hal.o(.text.HAL_GetTick)
    HAL_IncTick                              0x08000f91   Thumb Code    26  stm32f1xx_hal.o(.text.HAL_IncTick)
    HAL_Init                                 0x08000fad   Thumb Code    38  stm32f1xx_hal.o(.text.HAL_Init)
    HAL_InitTick                             0x08000fd5   Thumb Code   112  stm32f1xx_hal.o(.text.HAL_InitTick)
    HAL_MspInit                              0x08001045   Thumb Code   100  stm32f1xx_hal_msp.o(.text.HAL_MspInit)
    HAL_NVIC_SetPriority                     0x080010a9   Thumb Code    50  stm32f1xx_hal_cortex.o(.text.HAL_NVIC_SetPriority)
    HAL_NVIC_SetPriorityGrouping             0x080010dd   Thumb Code    16  stm32f1xx_hal_cortex.o(.text.HAL_NVIC_SetPriorityGrouping)
    HAL_RCC_CSSCallback                      0x080010ed   Thumb Code     2  stm32f1xx_hal_rcc.o(.text.HAL_RCC_CSSCallback)
    HAL_RCC_ClockConfig                      0x080010f1   Thumb Code   598  stm32f1xx_hal_rcc.o(.text.HAL_RCC_ClockConfig)
    HAL_RCC_EnableCSS                        0x08001349   Thumb Code    12  stm32f1xx_hal_rcc.o(.text.HAL_RCC_EnableCSS)
    HAL_RCC_GetSysClockFreq                  0x08001355   Thumb Code   228  stm32f1xx_hal_rcc.o(.text.HAL_RCC_GetSysClockFreq)
    HAL_RCC_NMI_IRQHandler                   0x08001439   Thumb Code    40  stm32f1xx_hal_rcc.o(.text.HAL_RCC_NMI_IRQHandler)
    HAL_RCC_OscConfig                        0x08001461   Thumb Code  1658  stm32f1xx_hal_rcc.o(.text.HAL_RCC_OscConfig)
    HAL_SYSTICK_Config                       0x08001add   Thumb Code    16  stm32f1xx_hal_cortex.o(.text.HAL_SYSTICK_Config)
    HardFault_Handler                        0x08001aed   Thumb Code     4  stm32f1xx_it.o(.text.HardFault_Handler)
    MemManage_Handler                        0x08001af1   Thumb Code     4  stm32f1xx_it.o(.text.MemManage_Handler)
    NMI_Handler                              0x08001af5   Thumb Code    10  stm32f1xx_it.o(.text.NMI_Handler)
    PendSV_Handler                           0x08001b6d   Thumb Code     2  stm32f1xx_it.o(.text.PendSV_Handler)
    SVC_Handler                              0x08001bad   Thumb Code     2  stm32f1xx_it.o(.text.SVC_Handler)
    SysTick_Handler                          0x08001c05   Thumb Code     8  stm32f1xx_it.o(.text.SysTick_Handler)
    SystemInit                               0x08001c0d   Thumb Code     2  system_stm32f1xx.o(.text.SystemInit)
    UsageFault_Handler                       0x08001c11   Thumb Code     4  stm32f1xx_it.o(.text.UsageFault_Handler)
    SystemClock_Config()                     0x08001c1d   Thumb Code   112  main.o(.text._Z18SystemClock_Configv)
    Stream::availableTx()                    0x08001cd1   Thumb Code    18  stream.o(.text._ZN6Stream11availableTxEv)
    Stream::writeTxBuffer(char const*, unsigned int) 0x08001ce5   Thumb Code    72  stream.o(.text._ZN6Stream13writeTxBufferEPKcj)
    Stream::popFrontTxBuffer(std::__2::basic_string<char, std::__2::char_traits<char>, std::__2::allocator<char>>*, unsigned int) 0x08001d2d   Thumb Code   110  stream.o(.text._ZN6Stream16popFrontTxBufferEPNSt3__212basic_stringIcNS0_11char_traitsIcEENS0_9allocatorIcEEEEj)
    Stream::Stream()                         0x08001d9d   Thumb Code    50  stream.o(.text._ZN6StreamC2Ev)
    Stream::Stream__sub_object()             0x08001d9d   Thumb Code    50  stream.o(.text._ZN6StreamC2Ev)
    Stream::~Stream()                        0x08001dd1   Thumb Code    52  stream.o(.text._ZN6StreamD2Ev)
    Stream::~Stream__sub_object()            0x08001dd1   Thumb Code    52  stream.o(.text._ZN6StreamD2Ev)
    std::__2::basic_string<char, std::__2::char_traits<char>, std::__2::allocator<char>>::__get_pointer[abi:v16000]() const 0x08001e05   Thumb Code    44  main.o(.text._ZNKSt3__212basic_stringIcNS_11char_traitsIcEENS_9allocatorIcEEE13__get_pointerB6v16000Ev)
    std::__2::basic_string<char, std::__2::char_traits<char>, std::__2::allocator<char>>::__get_long_cap[abi:v16000]() const 0x08001e31   Thumb Code    22  stream.o(.text._ZNKSt3__212basic_stringIcNS_11char_traitsIcEENS_9allocatorIcEEE14__get_long_capB6v16000Ev)
    std::__2::basic_string<char, std::__2::char_traits<char>, std::__2::allocator<char>>::__get_long_pointer[abi:v16000]() const 0x08001e49   Thumb Code    18  main.o(.text._ZNKSt3__212basic_stringIcNS_11char_traitsIcEENS_9allocatorIcEEE18__get_long_pointerB6v16000Ev)
    std::__2::basic_string<char, std::__2::char_traits<char>, std::__2::allocator<char>>::__get_short_pointer[abi:v16000]() const 0x08001e5d   Thumb Code    20  main.o(.text._ZNKSt3__212basic_stringIcNS_11char_traitsIcEENS_9allocatorIcEEE19__get_short_pointerB6v16000Ev)
    std::__2::basic_string<char, std::__2::char_traits<char>, std::__2::allocator<char>>::data[abi:v16000]() const 0x08001e71   Thumb Code    20  main.o(.text._ZNKSt3__212basic_stringIcNS_11char_traitsIcEENS_9allocatorIcEEE4dataB6v16000Ev)
    std::__2::basic_string<char, std::__2::char_traits<char>, std::__2::allocator<char>>::c_str[abi:v16000]() const 0x08001e85   Thumb Code    16  main.o(.text._ZNKSt3__212basic_stringIcNS_11char_traitsIcEENS_9allocatorIcEEE5c_strB6v16000Ev)
    std::__2::basic_string<char, std::__2::char_traits<char>, std::__2::allocator<char>>::__is_long[abi:v16000]() const 0x08001e95   Thumb Code    20  main.o(.text._ZNKSt3__212basic_stringIcNS_11char_traitsIcEENS_9allocatorIcEEE9__is_longB6v16000Ev)
    std::__2::__compressed_pair<std::__2::basic_string<char, std::__2::char_traits<char>, std::__2::allocator<char>>::__rep, std::__2::allocator<char>>::first[abi:v16000]() const 0x08001ea9   Thumb Code    16  main.o(.text._ZNKSt3__217__compressed_pairINS_12basic_stringIcNS_11char_traitsIcEENS_9allocatorIcEEE5__repES5_E5firstB6v16000Ev)
    std::__2::__compressed_pair_elem<std::__2::basic_string<char, std::__2::char_traits<char>, std::__2::allocator<char>>::__rep, 0, false>::__get[abi:v16000]() const 0x08001eb9   Thumb Code    10  main.o(.text._ZNKSt3__222__compressed_pair_elemINS_12basic_stringIcNS_11char_traitsIcEENS_9allocatorIcEEE5__repELi0ELb0EE5__getB6v16000Ev)
    std::__2::char_traits<char>::assign(char&, char const&) 0x08001ec5   Thumb Code    18  stream.o(.text._ZNSt3__211char_traitsIcE6assignERcRKc)
    char const* std::__2::__to_address[abi:v16000]<char const>(char const*) 0x08001ed9   Thumb Code    10  main.o(.text._ZNSt3__212__to_addressB6v16000IKcEEPT_S3_)
    std::__2::basic_string<char, std::__2::char_traits<char>, std::__2::allocator<char>>::__move_assign[abi:v16000](std::__2::basic_string<char, std::__2::char_traits<char>, std::__2::allocator<char>>&, std::__2::integral_constant<bool, true>) 0x08001ee5   Thumb Code   132  stream.o(.text._ZNSt3__212basic_stringIcNS_11char_traitsIcEENS_9allocatorIcEEE13__move_assignB6v16000ERS5_NS_17integral_constantIbLb1EEE)
    std::__2::basic_string<char, std::__2::char_traits<char>, std::__2::allocator<char>>::__default_init[abi:v16000]() 0x08001f69   Thumb Code    38  main.o(.text._ZNSt3__212basic_stringIcNS_11char_traitsIcEENS_9allocatorIcEEE14__default_initB6v16000Ev)
    std::__2::basic_string<char, std::__2::char_traits<char>, std::__2::allocator<char>>::__set_short_size[abi:v16000](unsigned int) 0x08001f91   Thumb Code    60  stream.o(.text._ZNSt3__212basic_stringIcNS_11char_traitsIcEENS_9allocatorIcEEE16__set_short_sizeB6v16000Ej)
    std::__2::basic_string<char, std::__2::char_traits<char>, std::__2::allocator<char>>::__get_long_pointer[abi:v16000]() 0x08001fcd   Thumb Code    18  stream.o(.text._ZNSt3__212basic_stringIcNS_11char_traitsIcEENS_9allocatorIcEEE18__get_long_pointerB6v16000Ev)
    std::__2::basic_string<char, std::__2::char_traits<char>, std::__2::allocator<char>>::__get_short_pointer[abi:v16000]() 0x08001fe1   Thumb Code    20  stream.o(.text._ZNSt3__212basic_stringIcNS_11char_traitsIcEENS_9allocatorIcEEE19__get_short_pointerB6v16000Ev)
    std::__2::basic_string<char, std::__2::char_traits<char>, std::__2::allocator<char>>::__move_assign_alloc[abi:v16000](std::__2::basic_string<char, std::__2::char_traits<char>, std::__2::allocator<char>>&) 0x08001ff5   Thumb Code    20  stream.o(.text._ZNSt3__212basic_stringIcNS_11char_traitsIcEENS_9allocatorIcEEE19__move_assign_allocB6v16000ERS5_)
    std::__2::basic_string<char, std::__2::char_traits<char>, std::__2::allocator<char>>::__move_assign_alloc[abi:v16000](std::__2::basic_string<char, std::__2::char_traits<char>, std::__2::allocator<char>>&, std::__2::integral_constant<bool, true>) 0x08002009   Thumb Code    28  stream.o(.text._ZNSt3__212basic_stringIcNS_11char_traitsIcEENS_9allocatorIcEEE19__move_assign_allocB6v16000ERS5_NS_17integral_constantIbLb1EEE)
    std::__2::basic_string<char, std::__2::char_traits<char>, std::__2::allocator<char>>::__init(char const*, unsigned int) 0x08002025   Thumb Code    84  string.cpp.o(.text._ZNSt3__212basic_stringIcNS_11char_traitsIcEENS_9allocatorIcEEE6__initEPKcj)
    std::__2::basic_string<char, std::__2::char_traits<char>, std::__2::allocator<char>>::__alloc[abi:v16000]() 0x08002079   Thumb Code    16  stream.o(.text._ZNSt3__212basic_stringIcNS_11char_traitsIcEENS_9allocatorIcEEE7__allocB6v16000Ev)
    std::__2::basic_string<char, std::__2::char_traits<char>, std::__2::allocator<char>>::basic_string__sub_object[abi:v16000](char const*, unsigned int) 0x08002089   Thumb Code    70  stream.o(.text._ZNSt3__212basic_stringIcNS_11char_traitsIcEENS_9allocatorIcEEEC2B6v16000EPKcj)
    std::__2::basic_string<char, std::__2::char_traits<char>, std::__2::allocator<char>>::basic_string__sub_object[abi:v16000]() 0x080020d1   Thumb Code    36  main.o(.text._ZNSt3__212basic_stringIcNS_11char_traitsIcEENS_9allocatorIcEEEC2B6v16000Ev)
    std::__2::basic_string<char, std::__2::char_traits<char>, std::__2::allocator<char>>::~basic_string() 0x080020f5   Thumb Code    30  string.cpp.o(.text._ZNSt3__212basic_stringIcNS_11char_traitsIcEENS_9allocatorIcEEED2Ev)
    std::__2::basic_string<char, std::__2::char_traits<char>, std::__2::allocator<char>>::~basic_string__sub_object() 0x080020f5   Thumb Code    30  string.cpp.o(.text._ZNSt3__212basic_stringIcNS_11char_traitsIcEENS_9allocatorIcEEED2Ev)
    std::__2::basic_string<char, std::__2::char_traits<char>, std::__2::allocator<char>>::operator=[abi:v16000](std::__2::basic_string<char, std::__2::char_traits<char>, std::__2::allocator<char>>&&) 0x08002115   Thumb Code    24  stream.o(.text._ZNSt3__212basic_stringIcNS_11char_traitsIcEENS_9allocatorIcEEEaSB6v16000EOS5_)
    std::__2::pointer_traits<char const*>::pointer_to[abi:v16000](char const&) 0x0800212d   Thumb Code    10  main.o(.text._ZNSt3__214pointer_traitsIPKcE10pointer_toB6v16000ERS1_)
    std::__2::pointer_traits<char*>::pointer_to[abi:v16000](char&) 0x08002139   Thumb Code    10  stream.o(.text._ZNSt3__214pointer_traitsIPcE10pointer_toB6v16000ERc)
    std::__2::__non_trivial_if<true, std::__2::allocator<char>>::__non_trivial_if__sub_object[abi:v16000]() 0x08002145   Thumb Code    10  main.o(.text._ZNSt3__216__non_trivial_ifILb1ENS_9allocatorIcEEEC2B6v16000Ev)
    std::__2::allocator_traits<std::__2::allocator<char>>::deallocate[abi:v16000](std::__2::allocator<char>&, char*, unsigned int) 0x08002151   Thumb Code    24  stream.o(.text._ZNSt3__216allocator_traitsINS_9allocatorIcEEE10deallocateB6v16000ERS2_Pcj)
    std::__2::__compressed_pair<std::__2::basic_string<char, std::__2::char_traits<char>, std::__2::allocator<char>>::__rep, std::__2::allocator<char>>::first[abi:v16000]() 0x08002169   Thumb Code    16  main.o(.text._ZNSt3__217__compressed_pairINS_12basic_stringIcNS_11char_traitsIcEENS_9allocatorIcEEE5__repES5_E5firstB6v16000Ev)
    std::__2::__compressed_pair<std::__2::basic_string<char, std::__2::char_traits<char>, std::__2::allocator<char>>::__rep, std::__2::allocator<char>>::second[abi:v16000]() 0x08002179   Thumb Code    16  stream.o(.text._ZNSt3__217__compressed_pairINS_12basic_stringIcNS_11char_traitsIcEENS_9allocatorIcEEE5__repES5_E6secondB6v16000Ev)
    std::__2::__compressed_pair<std::__2::basic_string<char, std::__2::char_traits<char>, std::__2::allocator<char>>::__rep, std::__2::allocator<char>>::__compressed_pair__sub_object[abi:v16000]<std::__2::__default_init_tag, std::__2::__default_init_tag>(std::__2::__default_init_tag&&, std::__2::__default_init_tag&&) 0x08002189   Thumb Code    30  main.o(.text._ZNSt3__217__compressed_pairINS_12basic_stringIcNS_11char_traitsIcEENS_9allocatorIcEEE5__repES5_EC2B6v16000INS_18__default_init_tagESA_EEOT_OT0_)
    void std::__2::__debug_db_insert_c[abi:v16000]<std::__2::basic_string<char, std::__2::char_traits<char>, std::__2::allocator<char>>>(std::__2::basic_string<char, std::__2::char_traits<char>, std::__2::allocator<char>>*) 0x080021a9   Thumb Code     8  main.o(.text._ZNSt3__219__debug_db_insert_cB6v16000INS_12basic_stringIcNS_11char_traitsIcEENS_9allocatorIcEEEEEEvPT_)
    std::__2::__libcpp_deallocate[abi:v16000](void*, unsigned int, unsigned int) 0x080021b1   Thumb Code    22  stream.o(.text._ZNSt3__219__libcpp_deallocateB6v16000EPvjj)
    std::__2::__compressed_pair_elem<std::__2::basic_string<char, std::__2::char_traits<char>, std::__2::allocator<char>>::__rep, 0, false>::__get[abi:v16000]() 0x080021c9   Thumb Code    10  main.o(.text._ZNSt3__222__compressed_pair_elemINS_12basic_stringIcNS_11char_traitsIcEENS_9allocatorIcEEE5__repELi0ELb0EE5__getB6v16000Ev)
    std::__2::__compressed_pair_elem<std::__2::basic_string<char, std::__2::char_traits<char>, std::__2::allocator<char>>::__rep, 0, false>::__compressed_pair_elem__sub_object[abi:v16000](std::__2::__default_init_tag) 0x080021d5   Thumb Code    10  main.o(.text._ZNSt3__222__compressed_pair_elemINS_12basic_stringIcNS_11char_traitsIcEENS_9allocatorIcEEE5__repELi0ELb0EEC2B6v16000ENS_18__default_init_tagE)
    std::__2::__compressed_pair_elem<std::__2::allocator<char>, 1, true>::__get[abi:v16000]() 0x080021e1   Thumb Code    10  stream.o(.text._ZNSt3__222__compressed_pair_elemINS_9allocatorIcEELi1ELb1EE5__getB6v16000Ev)
    std::__2::__compressed_pair_elem<std::__2::allocator<char>, 1, true>::__compressed_pair_elem__sub_object[abi:v16000](std::__2::__default_init_tag) 0x080021ed   Thumb Code    20  main.o(.text._ZNSt3__222__compressed_pair_elemINS_9allocatorIcEELi1ELb1EEC2B6v16000ENS_18__default_init_tagE)
    void std::__2::__libcpp_operator_delete[abi:v16000]<void*, unsigned int>(void*, unsigned int) 0x08002201   Thumb Code    20  stream.o(.text._ZNSt3__224__libcpp_operator_deleteB6v16000IJPvjEEEvDpT_)
    void std::__2::__do_deallocate_handle_size[abi:v16000]<>(void*, unsigned int) 0x08002215   Thumb Code    20  stream.o(.text._ZNSt3__227__do_deallocate_handle_sizeB6v16000IJEEEvPvjDpT_)
    std::__2::allocator<char>::deallocate[abi:v16000](char*, unsigned int) 0x08002229   Thumb Code    24  stream.o(.text._ZNSt3__29allocatorIcE10deallocateB6v16000EPcj)
    std::__2::allocator<char>::allocator__sub_object[abi:v16000]() 0x08002241   Thumb Code    20  main.o(.text._ZNSt3__29allocatorIcEC2B6v16000Ev)
    std::get_new_handler()                   0x08002255   Thumb Code    12  cxa_handlers.cpp.o(.text._ZSt15get_new_handlerv)
    operator delete[](void*)                 0x08002261   Thumb Code     4  new.cpp.o(.text._ZdaPv)
    operator delete(void*)                   0x08002265   Thumb Code     4  new.cpp.o(.text._ZdlPv)
    operator delete(void*, unsigned int)     0x08002269   Thumb Code     4  new.cpp.o(.text._ZdlPvj)
    operator new[](unsigned int)             0x0800226d   Thumb Code     4  new.cpp.o(.text._Znaj)
    operator new(unsigned int)               0x08002271   Thumb Code    38  new.cpp.o(.text._Znwj)
    main                                     0x08002355   Thumb Code   132  main.o(.text.main)
    _btod_d2e                                0x080023d9   Thumb Code    62  btod.o(CL$$btod_d2e)
    _d2e_denorm_low                          0x08002417   Thumb Code    70  btod.o(CL$$btod_d2e_denorm_low)
    _d2e_norm_op1                            0x0800245d   Thumb Code    96  btod.o(CL$$btod_d2e_norm_op1)
    __btod_div_common                        0x080024bd   Thumb Code   696  btod.o(CL$$btod_div_common)
    _e2e                                     0x080027f5   Thumb Code   220  btod.o(CL$$btod_e2e)
    _btod_ediv                               0x080028d1   Thumb Code    42  btod.o(CL$$btod_ediv)
    _btod_emul                               0x080028fb   Thumb Code    42  btod.o(CL$$btod_emul)
    __btod_mult_common                       0x08002925   Thumb Code   580  btod.o(CL$$btod_mult_common)
    __ARM_fpclassify                         0x08002b69   Thumb Code    40  fpclassify.o(i.__ARM_fpclassify)
    _get_lc_numeric                          0x08002b91   Thumb Code    44  lc_numeric_c.o(locale$$code)
    _printf_fp_dec                           0x08002bbd   Thumb Code     4  printf1.o(x$fpl$printf1)
    __I$use$fp                               0x08002bc0   Number         0  usenofp.o(x$fpl$usenofp)
    AHBPrescTable                            0x08002c54   Data          16  system_stm32f1xx.o(.rodata.AHBPrescTable)
    Region$$Table$$Base                      0x08002c6c   Number         0  anon$$obj.o(Region$$Table)
    Region$$Table$$Limit                     0x08002c8c   Number         0  anon$$obj.o(Region$$Table)
    SHT$$INIT_ARRAY$$Base                    0x08002ca8   Number         0  main.o(.init_array)
    SHT$$INIT_ARRAY$$Limit                   0x08002cac   Number         0  init_aeabi.o(.init_array)
    SystemCoreClock                          0x20000000   Data           4  system_stm32f1xx.o(.data.SystemCoreClock)
    uwTickFreq                               0x20000004   Data           1  stm32f1xx_hal.o(.data.uwTickFreq)
    uwTickPrio                               0x20000008   Data           4  stm32f1xx_hal.o(.data.uwTickPrio)
    __libspace_start                         0x20000010   Data          96  libspace.o(.bss)
    T                                        0x20000070   Data           4  main.o(.bss.T)
    __temporary_stack_top$libspace           0x20000070   Data           0  libspace.o(.bss)
    __cxa_new_handler                        0x20000074   Data           4  cxa_default_handlers.cpp.o(.bss.__cxa_new_handler)
    message                                  0x20000078   Data         100  main.o(.bss.message)
    str                                      0x200000dc   Data         100  main.o(.bss.str)
    stream                                   0x20000140   Data          28  main.o(.bss.stream)
    uwTick                                   0x2000015c   Data           4  stm32f1xx_hal.o(.bss.uwTick)



==============================================================================

Memory Map of the image

  Image Entry point : 0x080000ed

  Load Region LR_IROM1 (Base: 0x08000000, Size: 0x00002cc0, Max: 0x00010000, ABSOLUTE)

    Execution Region ER_IROM1 (Exec base: 0x08000000, Load base: 0x08000000, Size: 0x00002cac, Max: 0x00010000, ABSOLUTE)

    Exec Addr    Load Addr    Size         Type   Attr      Idx    E Section Name        Object

    0x08000000   0x08000000   0x000000ec   Data   RO            3    RESET               startup_stm32f103xb.o
    0x080000ec   0x080000ec   0x00000008   Code   RO          786  * !!!main             c_w.l(__main.o)
    0x080000f4   0x080000f4   0x00000034   Code   RO         1942    !!!scatter          c_w.l(__scatter.o)
    0x08000128   0x08000128   0x0000001a   Code   RO         1944    !!handler_copy      c_w.l(__scatter_copy.o)
    0x08000142   0x08000142   0x00000002   PAD
    0x08000144   0x08000144   0x0000001c   Code   RO         1946    !!handler_zi        c_w.l(__scatter_zi.o)
    0x08000160   0x08000160   0x00000000   Code   RO         1302    .ARM.Collect$$_printf_percent$$00000000  c_w.l(_printf_percent.o)
    0x08000160   0x08000160   0x00000006   Code   RO         1298    .ARM.Collect$$_printf_percent$$00000003  c_w.l(_printf_f.o)
    0x08000166   0x08000166   0x00000006   Code   RO         1290    .ARM.Collect$$_printf_percent$$00000014  c_w.l(_printf_s.o)
    0x0800016c   0x0800016c   0x00000004   Code   RO         1567    .ARM.Collect$$_printf_percent$$00000017  c_w.l(_printf_percent_end.o)
    0x08000170   0x08000170   0x00000002   Code   RO         1758    .ARM.Collect$$libinit$$00000000  c_w.l(libinit.o)
    0x08000172   0x08000172   0x00000000   Code   RO         1375    .ARM.Collect$$libinit$$00000002  c_w.l(libinit2.o)
    0x08000172   0x08000172   0x00000000   Code   RO         1377    .ARM.Collect$$libinit$$00000004  c_w.l(libinit2.o)
    0x08000172   0x08000172   0x00000000   Code   RO         1379    .ARM.Collect$$libinit$$00000006  c_w.l(libinit2.o)
    0x08000172   0x08000172   0x00000008   Code   RO         1380    .ARM.Collect$$libinit$$00000007  c_w.l(libinit2.o)
    0x0800017a   0x0800017a   0x00000000   Code   RO         1382    .ARM.Collect$$libinit$$0000000C  c_w.l(libinit2.o)
    0x0800017a   0x0800017a   0x00000000   Code   RO         1384    .ARM.Collect$$libinit$$0000000E  c_w.l(libinit2.o)
    0x0800017a   0x0800017a   0x00000000   Code   RO         1386    .ARM.Collect$$libinit$$00000010  c_w.l(libinit2.o)
    0x0800017a   0x0800017a   0x00000006   Code   RO         1387    .ARM.Collect$$libinit$$00000011  c_w.l(libinit2.o)
    0x08000180   0x08000180   0x00000000   Code   RO         1389    .ARM.Collect$$libinit$$00000013  c_w.l(libinit2.o)
    0x08000180   0x08000180   0x00000000   Code   RO         1391    .ARM.Collect$$libinit$$00000015  c_w.l(libinit2.o)
    0x08000180   0x08000180   0x00000000   Code   RO         1393    .ARM.Collect$$libinit$$00000017  c_w.l(libinit2.o)
    0x08000180   0x08000180   0x0000000a   Code   RO         1394    .ARM.Collect$$libinit$$00000018  c_w.l(libinit2.o)
    0x0800018a   0x0800018a   0x00000000   Code   RO         1395    .ARM.Collect$$libinit$$00000019  c_w.l(libinit2.o)
    0x0800018a   0x0800018a   0x00000000   Code   RO         1397    .ARM.Collect$$libinit$$0000001B  c_w.l(libinit2.o)
    0x0800018a   0x0800018a   0x00000000   Code   RO         1399    .ARM.Collect$$libinit$$0000001D  c_w.l(libinit2.o)
    0x0800018a   0x0800018a   0x00000000   Code   RO         1401    .ARM.Collect$$libinit$$0000001F  c_w.l(libinit2.o)
    0x0800018a   0x0800018a   0x00000000   Code   RO         1403    .ARM.Collect$$libinit$$00000021  c_w.l(libinit2.o)
    0x0800018a   0x0800018a   0x00000000   Code   RO         1405    .ARM.Collect$$libinit$$00000023  c_w.l(libinit2.o)
    0x0800018a   0x0800018a   0x00000000   Code   RO         1407    .ARM.Collect$$libinit$$00000025  c_w.l(libinit2.o)
    0x0800018a   0x0800018a   0x00000000   Code   RO         1409    .ARM.Collect$$libinit$$00000027  c_w.l(libinit2.o)
    0x0800018a   0x0800018a   0x00000000   Code   RO         1413    .ARM.Collect$$libinit$$0000002E  c_w.l(libinit2.o)
    0x0800018a   0x0800018a   0x00000000   Code   RO         1415    .ARM.Collect$$libinit$$00000030  c_w.l(libinit2.o)
    0x0800018a   0x0800018a   0x00000000   Code   RO         1417    .ARM.Collect$$libinit$$00000032  c_w.l(libinit2.o)
    0x0800018a   0x0800018a   0x00000004   Code   RO         1418    .ARM.Collect$$libinit$$00000033  c_w.l(libinit2.o)
    0x0800018e   0x0800018e   0x00000000   Code   RO         1419    .ARM.Collect$$libinit$$00000034  c_w.l(libinit2.o)
    0x0800018e   0x0800018e   0x00000002   Code   RO         1420    .ARM.Collect$$libinit$$00000035  c_w.l(libinit2.o)
    0x08000190   0x08000190   0x00000002   Code   RO         1908    .ARM.Collect$$libshutdown$$00000000  c_w.l(libshutdown.o)
    0x08000192   0x08000192   0x00000006   Code   RO         1759    .ARM.Collect$$libshutdown$$00000001  c_w.l(libshutdown2.o)
    0x08000198   0x08000198   0x00000000   Code   RO         1760    .ARM.Collect$$libshutdown$$00000002  c_w.l(libshutdown2.o)
    0x08000198   0x08000198   0x00000000   Code   RO         1762    .ARM.Collect$$libshutdown$$00000004  c_w.l(libshutdown2.o)
    0x08000198   0x08000198   0x00000000   Code   RO         1765    .ARM.Collect$$libshutdown$$00000007  c_w.l(libshutdown2.o)
    0x08000198   0x08000198   0x00000000   Code   RO         1768    .ARM.Collect$$libshutdown$$0000000A  c_w.l(libshutdown2.o)
    0x08000198   0x08000198   0x00000000   Code   RO         1770    .ARM.Collect$$libshutdown$$0000000C  c_w.l(libshutdown2.o)
    0x08000198   0x08000198   0x00000000   Code   RO         1773    .ARM.Collect$$libshutdown$$0000000F  c_w.l(libshutdown2.o)
    0x08000198   0x08000198   0x00000002   Code   RO         1774    .ARM.Collect$$libshutdown$$00000010  c_w.l(libshutdown2.o)
    0x0800019a   0x0800019a   0x00000000   Code   RO         1135    .ARM.Collect$$rtentry$$00000000  c_w.l(__rtentry.o)
    0x0800019a   0x0800019a   0x00000000   Code   RO         1490    .ARM.Collect$$rtentry$$00000002  c_w.l(__rtentry2.o)
    0x0800019a   0x0800019a   0x00000006   Code   RO         1502    .ARM.Collect$$rtentry$$00000004  c_w.l(__rtentry4.o)
    0x080001a0   0x080001a0   0x00000000   Code   RO         1492    .ARM.Collect$$rtentry$$00000009  c_w.l(__rtentry2.o)
    0x080001a0   0x080001a0   0x00000004   Code   RO         1493    .ARM.Collect$$rtentry$$0000000A  c_w.l(__rtentry2.o)
    0x080001a4   0x080001a4   0x00000000   Code   RO         1495    .ARM.Collect$$rtentry$$0000000C  c_w.l(__rtentry2.o)
    0x080001a4   0x080001a4   0x00000008   Code   RO         1496    .ARM.Collect$$rtentry$$0000000D  c_w.l(__rtentry2.o)
    0x080001ac   0x080001ac   0x00000002   Code   RO         1799    .ARM.Collect$$rtexit$$00000000  c_w.l(rtexit.o)
    0x080001ae   0x080001ae   0x00000000   Code   RO         1846    .ARM.Collect$$rtexit$$00000002  c_w.l(rtexit2.o)
    0x080001ae   0x080001ae   0x00000004   Code   RO         1847    .ARM.Collect$$rtexit$$00000003  c_w.l(rtexit2.o)
    0x080001b2   0x080001b2   0x00000006   Code   RO         1848    .ARM.Collect$$rtexit$$00000004  c_w.l(rtexit2.o)
    0x080001b8   0x080001b8   0x00000040   Code   RO            4    .text               startup_stm32f103xb.o
    0x080001f8   0x080001f8   0x0000000a   Code   RO          763    .text               c_w.l(cxa_atexit.o)
    0x08000202   0x08000202   0x00000048   Code   RO          768    .text               c_w.l(strcpy.o)
    0x0800024a   0x0800024a   0x0000003e   Code   RO          770    .text               c_w.l(strlen.o)
    0x08000288   0x08000288   0x0000008a   Code   RO          772    .text               c_w.l(rt_memcpy_v6.o)
    0x08000312   0x08000312   0x00000084   Code   RO          774    .text               c_w.l(rt_memmove_v6.o)
    0x08000396   0x08000396   0x0000004e   Code   RO          778    .text               c_w.l(rt_memclr_w.o)
    0x080003e4   0x080003e4   0x00000080   Code   RO          782    .text               c_w.l(strcmpv7m.o)
    0x08000464   0x08000464   0x00000006   Code   RO          784    .text               c_w.l(heapauxi.o)
    0x0800046a   0x0800046a   0x00000002   PAD
    0x0800046c   0x0800046c   0x00000024   Code   RO          791    .text               c_w.l(init_aeabi.o)
    0x08000490   0x08000490   0x0000005e   Code   RO         1145    .text               c_w.l(h1_alloc.o)
    0x080004ee   0x080004ee   0x0000004e   Code   RO         1147    .text               c_w.l(h1_free.o)
    0x0800053c   0x0800053c   0x00000052   Code   RO         1227    .text               c_w.l(_printf_str.o)
    0x0800058e   0x0800058e   0x00000016   Code   RO         1350    .text               c_w.l(abort.o)
    0x080005a4   0x080005a4   0x0000002e   Code   RO         1355    .text               c_w.l(aeabi_atexit.o)
    0x080005d2   0x080005d2   0x00000064   Code   RO         1368    .text               c_w.l(rt_memcpy_w.o)
    0x08000636   0x08000636   0x0000007a   Code   RO         1370    .text               c_w.l(rt_memmove_w.o)
    0x080006b0   0x080006b0   0x0000000c   Code   RO         1480    .text               c_w.l(sys_exit.o)
    0x080006bc   0x080006bc   0x00000008   Code   RO         1484    .text               c_w.l(libspace.o)
    0x080006c4   0x080006c4   0x00000008   Code   RO         1513    .text               c_w.l(rt_heap_descriptor_intlibspace.o)
    0x080006cc   0x080006cc   0x00000008   Code   RO         1518    .text               c_w.l(rt_ddtor_pointer_addr_intlibspace.o)
    0x080006d4   0x080006d4   0x00000004   Code   RO         1520    .text               c_w.l(hguard.o)
    0x080006d8   0x080006d8   0x0000008a   Code   RO         1522    .text               c_w.l(init_alloc.o)
    0x08000762   0x08000762   0x0000000e   Code   RO         1526    .text               c_w.l(h1_init.o)
    0x08000770   0x08000770   0x0000008a   Code   RO         1538    .text               c_w.l(lludiv10.o)
    0x080007fa   0x080007fa   0x0000041c   Code   RO         1546    .text               c_w.l(_printf_fp_dec.o)
    0x08000c16   0x08000c16   0x0000002c   Code   RO         1557    .text               c_w.l(_printf_char.o)
    0x08000c42   0x08000c42   0x00000042   Code   RO         1606    .text               c_w.l(cxa_finalize.o)
    0x08000c84   0x08000c84   0x0000000e   Code   RO         1609    .text               c_w.l(defsig_abrt_outer.o)
    0x08000c92   0x08000c92   0x00000002   Code   RO         1641    .text               c_w.l(use_no_semi.o)
    0x08000c94   0x08000c94   0x00000000   Code   RO         1643    .text               c_w.l(indicate_semi.o)
    0x08000c94   0x08000c94   0x0000004a   Code   RO         1644    .text               c_w.l(sys_stackheap_outer.o)
    0x08000cde   0x08000cde   0x00000002   PAD
    0x08000ce0   0x08000ce0   0x00000008   Code   RO         1653    .text               c_w.l(rt_locale_intlibspace.o)
    0x08000ce8   0x08000ce8   0x00000000   Code   RO         1657    .text               c_w.l(maybetermalloc1.o)
    0x08000ce8   0x08000ce8   0x00000034   Code   RO         1659    .text               c_w.l(h1_extend.o)
    0x08000d1c   0x08000d1c   0x00000080   Code   RO         1667    .text               c_w.l(_printf_fp_infnan.o)
    0x08000d9c   0x08000d9c   0x000000e4   Code   RO         1675    .text               c_w.l(bigflt0.o)
    0x08000e80   0x08000e80   0x00000012   Code   RO         1732    .text               c_w.l(exit.o)
    0x08000e92   0x08000e92   0x0000000a   Code   RO         1734    .text               c_w.l(defsig_exit.o)
    0x08000e9c   0x08000e9c   0x00000030   Code   RO         1736    .text               c_w.l(defsig_abrt_inner.o)
    0x08000ecc   0x08000ecc   0x0000000e   Code   RO         1742    .text               c_w.l(defsig_rtmem_outer.o)
    0x08000eda   0x08000eda   0x00000032   Code   RO         1819    .text               c_w.l(defsig_general.o)
    0x08000f0c   0x08000f0c   0x00000050   Code   RO         1827    .text               c_w.l(defsig_rtmem_inner.o)
    0x08000f5c   0x08000f5c   0x0000000e   Code   RO         1841    .text               c_w.l(sys_wrch.o)
    0x08000f6a   0x08000f6a   0x00000002   PAD
    0x08000f6c   0x08000f6c   0x00000004   Code   RO           17    .text.BusFault_Handler  stm32f1xx_it.o
    0x08000f70   0x08000f70   0x00000002   Code   RO           23    .text.DebugMon_Handler  stm32f1xx_it.o
    0x08000f72   0x08000f72   0x00000002   PAD
    0x08000f74   0x08000f74   0x0000000e   Code   RO           52    .text.Error_Handler  main.o
    0x08000f82   0x08000f82   0x00000002   PAD
    0x08000f84   0x08000f84   0x0000000c   Code   RO          137    .text.HAL_GetTick   stm32f1xx_hal.o
    0x08000f90   0x08000f90   0x0000001a   Code   RO          135    .text.HAL_IncTick   stm32f1xx_hal.o
    0x08000faa   0x08000faa   0x00000002   PAD
    0x08000fac   0x08000fac   0x00000026   Code   RO          125    .text.HAL_Init      stm32f1xx_hal.o
    0x08000fd2   0x08000fd2   0x00000002   PAD
    0x08000fd4   0x08000fd4   0x00000070   Code   RO          127    .text.HAL_InitTick  stm32f1xx_hal.o
    0x08001044   0x08001044   0x00000064   Code   RO           36    .text.HAL_MspInit   stm32f1xx_hal_msp.o
    0x080010a8   0x080010a8   0x00000032   Code   RO          299    .text.HAL_NVIC_SetPriority  stm32f1xx_hal_cortex.o
    0x080010da   0x080010da   0x00000002   PAD
    0x080010dc   0x080010dc   0x00000010   Code   RO          295    .text.HAL_NVIC_SetPriorityGrouping  stm32f1xx_hal_cortex.o
    0x080010ec   0x080010ec   0x00000002   Code   RO          213    .text.HAL_RCC_CSSCallback  stm32f1xx_hal_rcc.o
    0x080010ee   0x080010ee   0x00000002   PAD
    0x080010f0   0x080010f0   0x00000256   Code   RO          191    .text.HAL_RCC_ClockConfig  stm32f1xx_hal_rcc.o
    0x08001346   0x08001346   0x00000002   PAD
    0x08001348   0x08001348   0x0000000c   Code   RO          197    .text.HAL_RCC_EnableCSS  stm32f1xx_hal_rcc.o
    0x08001354   0x08001354   0x000000e4   Code   RO          193    .text.HAL_RCC_GetSysClockFreq  stm32f1xx_hal_rcc.o
    0x08001438   0x08001438   0x00000028   Code   RO          211    .text.HAL_RCC_NMI_IRQHandler  stm32f1xx_hal_rcc.o
    0x08001460   0x08001460   0x0000067a   Code   RO          187    .text.HAL_RCC_OscConfig  stm32f1xx_hal_rcc.o
    0x08001ada   0x08001ada   0x00000002   PAD
    0x08001adc   0x08001adc   0x00000010   Code   RO          319    .text.HAL_SYSTICK_Config  stm32f1xx_hal_cortex.o
    0x08001aec   0x08001aec   0x00000004   Code   RO           13    .text.HardFault_Handler  stm32f1xx_it.o
    0x08001af0   0x08001af0   0x00000004   Code   RO           15    .text.MemManage_Handler  stm32f1xx_it.o
    0x08001af4   0x08001af4   0x0000000a   Code   RO           11    .text.NMI_Handler   stm32f1xx_it.o
    0x08001afe   0x08001afe   0x00000002   PAD
    0x08001b00   0x08001b00   0x0000006c   Code   RO          305    .text.NVIC_EncodePriority  stm32f1xx_hal_cortex.o
    0x08001b6c   0x08001b6c   0x00000002   Code   RO           25    .text.PendSV_Handler  stm32f1xx_it.o
    0x08001b6e   0x08001b6e   0x00000002   PAD
    0x08001b70   0x08001b70   0x0000003a   Code   RO          189    .text.RCC_Delay     stm32f1xx_hal_rcc.o
    0x08001baa   0x08001baa   0x00000002   PAD
    0x08001bac   0x08001bac   0x00000002   Code   RO           21    .text.SVC_Handler   stm32f1xx_it.o
    0x08001bae   0x08001bae   0x00000002   PAD
    0x08001bb0   0x08001bb0   0x00000052   Code   RO          321    .text.SysTick_Config  stm32f1xx_hal_cortex.o
    0x08001c02   0x08001c02   0x00000002   PAD
    0x08001c04   0x08001c04   0x00000008   Code   RO           27    .text.SysTick_Handler  stm32f1xx_it.o
    0x08001c0c   0x08001c0c   0x00000002   Code   RO          503    .text.SystemInit    system_stm32f1xx.o
    0x08001c0e   0x08001c0e   0x00000002   PAD
    0x08001c10   0x08001c10   0x00000004   Code   RO           19    .text.UsageFault_Handler  stm32f1xx_it.o
    0x08001c14   0x08001c14   0x00000008   Code   RO           54    .text._GLOBAL__sub_I_main.cpp  main.o
    0x08001c1c   0x08001c1c   0x00000070   Code   RO           48    .text._Z18SystemClock_Configv  main.o
    0x08001c8c   0x08001c8c   0x00000042   Code   RO           50    .text._ZL12MX_GPIO_Initv  main.o
    0x08001cce   0x08001cce   0x00000002   PAD
    0x08001cd0   0x08001cd0   0x00000012   Code   RO          605    .text._ZN6Stream11availableTxEv  stream.o
    0x08001ce2   0x08001ce2   0x00000002   PAD
    0x08001ce4   0x08001ce4   0x00000048   Code   RO          585    .text._ZN6Stream13writeTxBufferEPKcj  stream.o
    0x08001d2c   0x08001d2c   0x0000006e   Code   RO          599    .text._ZN6Stream16popFrontTxBufferEPNSt3__212basic_stringIcNS0_11char_traitsIcEENS0_9allocatorIcEEEEj  stream.o
    0x08001d9a   0x08001d9a   0x00000002   PAD
    0x08001d9c   0x08001d9c   0x00000032   Code   RO          565    .text._ZN6StreamC2Ev  stream.o
    0x08001dce   0x08001dce   0x00000002   PAD
    0x08001dd0   0x08001dd0   0x00000034   Code   RO          567    .text._ZN6StreamD2Ev  stream.o
    0x08001e04   0x08001e04   0x0000002c   Code   RO           95    .text._ZNKSt3__212basic_stringIcNS_11char_traitsIcEENS_9allocatorIcEEE13__get_pointerB6v16000Ev  main.o
    0x08001e30   0x08001e30   0x00000016   Code   RO          735    .text._ZNKSt3__212basic_stringIcNS_11char_traitsIcEENS_9allocatorIcEEE14__get_long_capB6v16000Ev  stream.o
    0x08001e46   0x08001e46   0x00000002   PAD
    0x08001e48   0x08001e48   0x00000012   Code   RO           99    .text._ZNKSt3__212basic_stringIcNS_11char_traitsIcEENS_9allocatorIcEEE18__get_long_pointerB6v16000Ev  main.o
    0x08001e5a   0x08001e5a   0x00000002   PAD
    0x08001e5c   0x08001e5c   0x00000014   Code   RO          101    .text._ZNKSt3__212basic_stringIcNS_11char_traitsIcEENS_9allocatorIcEEE19__get_short_pointerB6v16000Ev  main.o
    0x08001e70   0x08001e70   0x00000014   Code   RO           91    .text._ZNKSt3__212basic_stringIcNS_11char_traitsIcEENS_9allocatorIcEEE4dataB6v16000Ev  main.o
    0x08001e84   0x08001e84   0x00000010   Code   RO           71    .text._ZNKSt3__212basic_stringIcNS_11char_traitsIcEENS_9allocatorIcEEE5c_strB6v16000Ev  main.o
    0x08001e94   0x08001e94   0x00000014   Code   RO           97    .text._ZNKSt3__212basic_stringIcNS_11char_traitsIcEENS_9allocatorIcEEE9__is_longB6v16000Ev  main.o
    0x08001ea8   0x08001ea8   0x00000010   Code   RO          103    .text._ZNKSt3__217__compressed_pairINS_12basic_stringIcNS_11char_traitsIcEENS_9allocatorIcEEE5__repES5_E5firstB6v16000Ev  main.o
    0x08001eb8   0x08001eb8   0x0000000a   Code   RO          105    .text._ZNKSt3__222__compressed_pair_elemINS_12basic_stringIcNS_11char_traitsIcEENS_9allocatorIcEEE5__repELi0ELb0EE5__getB6v16000Ev  main.o
    0x08001ec2   0x08001ec2   0x00000002   PAD
    0x08001ec4   0x08001ec4   0x00000012   Code   RO          709    .text._ZNSt3__211char_traitsIcE6assignERcRKc  stream.o
    0x08001ed6   0x08001ed6   0x00000002   PAD
    0x08001ed8   0x08001ed8   0x0000000a   Code   RO           93    .text._ZNSt3__212__to_addressB6v16000IKcEEPT_S3_  main.o
    0x08001ee2   0x08001ee2   0x00000002   PAD
    0x08001ee4   0x08001ee4   0x00000084   Code   RO          729    .text._ZNSt3__212basic_stringIcNS_11char_traitsIcEENS_9allocatorIcEEE13__move_assignB6v16000ERS5_NS_17integral_constantIbLb1EEE  stream.o
    0x08001f68   0x08001f68   0x00000026   Code   RO           77    .text._ZNSt3__212basic_stringIcNS_11char_traitsIcEENS_9allocatorIcEEE14__default_initB6v16000Ev  main.o
    0x08001f8e   0x08001f8e   0x00000002   PAD
    0x08001f90   0x08001f90   0x0000003c   Code   RO          701    .text._ZNSt3__212basic_stringIcNS_11char_traitsIcEENS_9allocatorIcEEE16__set_short_sizeB6v16000Ej  stream.o
    0x08001fcc   0x08001fcc   0x00000012   Code   RO          699    .text._ZNSt3__212basic_stringIcNS_11char_traitsIcEENS_9allocatorIcEEE18__get_long_pointerB6v16000Ev  stream.o
    0x08001fde   0x08001fde   0x00000002   PAD
    0x08001fe0   0x08001fe0   0x00000014   Code   RO          703    .text._ZNSt3__212basic_stringIcNS_11char_traitsIcEENS_9allocatorIcEEE19__get_short_pointerB6v16000Ev  stream.o
    0x08001ff4   0x08001ff4   0x00000014   Code   RO          737    .text._ZNSt3__212basic_stringIcNS_11char_traitsIcEENS_9allocatorIcEEE19__move_assign_allocB6v16000ERS5_  stream.o
    0x08002008   0x08002008   0x0000001c   Code   RO          751    .text._ZNSt3__212basic_stringIcNS_11char_traitsIcEENS_9allocatorIcEEE19__move_assign_allocB6v16000ERS5_NS_17integral_constantIbLb1EEE  stream.o
    0x08002024   0x08002024   0x00000054   Code   RO          944    .text._ZNSt3__212basic_stringIcNS_11char_traitsIcEENS_9allocatorIcEEE6__initEPKcj  libcpp_w.l(string.cpp.o)
    0x08002078   0x08002078   0x00000010   Code   RO          733    .text._ZNSt3__212basic_stringIcNS_11char_traitsIcEENS_9allocatorIcEEE7__allocB6v16000Ev  stream.o
    0x08002088   0x08002088   0x00000046   Code   RO          659    .text._ZNSt3__212basic_stringIcNS_11char_traitsIcEENS_9allocatorIcEEEC2B6v16000EPKcj  stream.o
    0x080020ce   0x080020ce   0x00000002   PAD
    0x080020d0   0x080020d0   0x00000024   Code   RO           69    .text._ZNSt3__212basic_stringIcNS_11char_traitsIcEENS_9allocatorIcEEEC2B6v16000Ev  main.o
    0x080020f4   0x080020f4   0x0000001e   Code   RO          934    .text._ZNSt3__212basic_stringIcNS_11char_traitsIcEENS_9allocatorIcEEED2Ev  libcpp_w.l(string.cpp.o)
    0x08002112   0x08002112   0x00000002   PAD
    0x08002114   0x08002114   0x00000018   Code   RO          661    .text._ZNSt3__212basic_stringIcNS_11char_traitsIcEENS_9allocatorIcEEEaSB6v16000EOS5_  stream.o
    0x0800212c   0x0800212c   0x0000000a   Code   RO          107    .text._ZNSt3__214pointer_traitsIPKcE10pointer_toB6v16000ERS1_  main.o
    0x08002136   0x08002136   0x00000002   PAD
    0x08002138   0x08002138   0x0000000a   Code   RO          711    .text._ZNSt3__214pointer_traitsIPcE10pointer_toB6v16000ERc  stream.o
    0x08002142   0x08002142   0x00000002   PAD
    0x08002144   0x08002144   0x0000000a   Code   RO           85    .text._ZNSt3__216__non_trivial_ifILb1ENS_9allocatorIcEEEC2B6v16000Ev  main.o
    0x0800214e   0x0800214e   0x00000002   PAD
    0x08002150   0x08002150   0x00000018   Code   RO          731    .text._ZNSt3__216allocator_traitsINS_9allocatorIcEEE10deallocateB6v16000ERS2_Pcj  stream.o
    0x08002168   0x08002168   0x00000010   Code   RO           87    .text._ZNSt3__217__compressed_pairINS_12basic_stringIcNS_11char_traitsIcEENS_9allocatorIcEEE5__repES5_E5firstB6v16000Ev  main.o
    0x08002178   0x08002178   0x00000010   Code   RO          747    .text._ZNSt3__217__compressed_pairINS_12basic_stringIcNS_11char_traitsIcEENS_9allocatorIcEEE5__repES5_E6secondB6v16000Ev  stream.o
    0x08002188   0x08002188   0x0000001e   Code   RO           73    .text._ZNSt3__217__compressed_pairINS_12basic_stringIcNS_11char_traitsIcEENS_9allocatorIcEEE5__repES5_EC2B6v16000INS_18__default_init_tagESA_EEOT_OT0_  main.o
    0x080021a6   0x080021a6   0x00000002   PAD
    0x080021a8   0x080021a8   0x00000008   Code   RO           75    .text._ZNSt3__219__debug_db_insert_cB6v16000INS_12basic_stringIcNS_11char_traitsIcEENS_9allocatorIcEEEEEEvPT_  main.o
    0x080021b0   0x080021b0   0x00000016   Code   RO          741    .text._ZNSt3__219__libcpp_deallocateB6v16000EPvjj  stream.o
    0x080021c6   0x080021c6   0x00000002   PAD
    0x080021c8   0x080021c8   0x0000000a   Code   RO           89    .text._ZNSt3__222__compressed_pair_elemINS_12basic_stringIcNS_11char_traitsIcEENS_9allocatorIcEEE5__repELi0ELb0EE5__getB6v16000Ev  main.o
    0x080021d2   0x080021d2   0x00000002   PAD
    0x080021d4   0x080021d4   0x0000000a   Code   RO           79    .text._ZNSt3__222__compressed_pair_elemINS_12basic_stringIcNS_11char_traitsIcEENS_9allocatorIcEEE5__repELi0ELb0EEC2B6v16000ENS_18__default_init_tagE  main.o
    0x080021de   0x080021de   0x00000002   PAD
    0x080021e0   0x080021e0   0x0000000a   Code   RO          749    .text._ZNSt3__222__compressed_pair_elemINS_9allocatorIcEELi1ELb1EE5__getB6v16000Ev  stream.o
    0x080021ea   0x080021ea   0x00000002   PAD
    0x080021ec   0x080021ec   0x00000014   Code   RO           81    .text._ZNSt3__222__compressed_pair_elemINS_9allocatorIcEELi1ELb1EEC2B6v16000ENS_18__default_init_tagE  main.o
    0x08002200   0x08002200   0x00000014   Code   RO          745    .text._ZNSt3__224__libcpp_operator_deleteB6v16000IJPvjEEEvDpT_  stream.o
    0x08002214   0x08002214   0x00000014   Code   RO          743    .text._ZNSt3__227__do_deallocate_handle_sizeB6v16000IJEEEvPvjDpT_  stream.o
    0x08002228   0x08002228   0x00000018   Code   RO          739    .text._ZNSt3__29allocatorIcE10deallocateB6v16000EPcj  stream.o
    0x08002240   0x08002240   0x00000014   Code   RO           83    .text._ZNSt3__29allocatorIcEC2B6v16000Ev  main.o
    0x08002254   0x08002254   0x0000000c   Code   RO         1453    .text._ZSt15get_new_handlerv  libcppabi_w.l(cxa_handlers.cpp.o)
    0x08002260   0x08002260   0x00000004   Code   RO          813    .text._ZdaPv        libcpp_w.l(new.cpp.o)
    0x08002264   0x08002264   0x00000004   Code   RO          807    .text._ZdlPv        libcpp_w.l(new.cpp.o)
    0x08002268   0x08002268   0x00000004   Code   RO          811    .text._ZdlPvj       libcpp_w.l(new.cpp.o)
    0x0800226c   0x0800226c   0x00000004   Code   RO          803    .text._Znaj         libcpp_w.l(new.cpp.o)
    0x08002270   0x08002270   0x00000026   Code   RO          799    .text._Znwj         libcpp_w.l(new.cpp.o)
    0x08002296   0x08002296   0x00000002   PAD
    0x08002298   0x08002298   0x00000010   Code   RO          301    .text.__NVIC_GetPriorityGrouping  stm32f1xx_hal_cortex.o
    0x080022a8   0x080022a8   0x00000042   Code   RO          303    .text.__NVIC_SetPriority  stm32f1xx_hal_cortex.o
    0x080022ea   0x080022ea   0x00000002   PAD
    0x080022ec   0x080022ec   0x0000003c   Code   RO          297    .text.__NVIC_SetPriorityGrouping  stm32f1xx_hal_cortex.o
    0x08002328   0x08002328   0x0000002c   Code   RO           44    .text.__cxx_global_var_init  main.o
    0x08002354   0x08002354   0x00000084   Code   RO           46    .text.main          main.o
    0x080023d8   0x080023d8   0x0000003e   Code   RO         1678    CL$$btod_d2e        c_w.l(btod.o)
    0x08002416   0x08002416   0x00000046   Code   RO         1680    CL$$btod_d2e_denorm_low  c_w.l(btod.o)
    0x0800245c   0x0800245c   0x00000060   Code   RO         1679    CL$$btod_d2e_norm_op1  c_w.l(btod.o)
    0x080024bc   0x080024bc   0x00000338   Code   RO         1688    CL$$btod_div_common  c_w.l(btod.o)
    0x080027f4   0x080027f4   0x000000dc   Code   RO         1685    CL$$btod_e2e        c_w.l(btod.o)
    0x080028d0   0x080028d0   0x0000002a   Code   RO         1682    CL$$btod_ediv       c_w.l(btod.o)
    0x080028fa   0x080028fa   0x0000002a   Code   RO         1681    CL$$btod_emul       c_w.l(btod.o)
    0x08002924   0x08002924   0x00000244   Code   RO         1687    CL$$btod_mult_common  c_w.l(btod.o)
    0x08002b68   0x08002b68   0x00000028   Code   RO         1787    i.__ARM_fpclassify  m_ws.l(fpclassify.o)
    0x08002b90   0x08002b90   0x0000002c   Code   RO         1730    locale$$code        c_w.l(lc_numeric_c.o)
    0x08002bbc   0x08002bbc   0x00000004   Code   RO         1429    x$fpl$printf1       fz_ws.l(printf1.o)
    0x08002bc0   0x08002bc0   0x00000000   Code   RO         1439    x$fpl$usenofp       fz_ws.l(usenofp.o)
    0x08002bc0   0x08002bc0   0x00000094   Data   RO         1676    .constdata          c_w.l(bigflt0.o)
    0x08002c54   0x08002c54   0x00000010   Data   RO          508    .rodata.AHBPrescTable  system_stm32f1xx.o
    0x08002c64   0x08002c64   0x00000006   Data   RO           60    .rodata.str1.1      main.o
    0x08002c6a   0x08002c6a   0x00000002   PAD
    0x08002c6c   0x08002c6c   0x00000020   Data   RO         1941    Region$$Table       anon$$obj.o
    0x08002c8c   0x08002c8c   0x0000001c   Data   RO         1729    locale$$data        c_w.l(lc_numeric_c.o)
    0x08002ca8   0x08002ca8   0x00000004   Data   RO           61    .init_array         main.o
    0x08002cac   0x08002ca8   0x00000000   Data   RO          789    .init_array         c_w.l(init_aeabi.o)


    Execution Region RW_IRAM1 (Exec base: 0x20000000, Load base: 0x08002cb0, Size: 0x00000760, Max: 0x00005000, ABSOLUTE)

    Exec Addr    Load Addr    Size         Type   Attr      Idx    E Section Name        Object

    0x20000000   0x08002cb0   0x00000004   Data   RW          507    .data.SystemCoreClock  system_stm32f1xx.o
    0x20000004   0x08002cb4   0x00000001   Data   RW          176    .data.uwTickFreq    stm32f1xx_hal.o
    0x20000005   0x08002cb5   0x00000003   PAD
    0x20000008   0x08002cb8   0x00000004   Data   RW          175    .data.uwTickPrio    stm32f1xx_hal.o
    0x2000000c   0x08002cbc   0x00000004   PAD
    0x20000010        -       0x00000060   Zero   RW         1485    .bss                c_w.l(libspace.o)
    0x20000070        -       0x00000004   Zero   RW           58    .bss.T              main.o
    0x20000074        -       0x00000004   Zero   RW         1632    .bss.__cxa_new_handler  libcppabi_w.l(cxa_default_handlers.cpp.o)
    0x20000078        -       0x00000064   Zero   RW           56    .bss.message        main.o
    0x200000dc        -       0x00000064   Zero   RW           57    .bss.str            main.o
    0x20000140        -       0x0000001c   Zero   RW           59    .bss.stream         main.o
    0x2000015c        -       0x00000004   Zero   RW          177    .bss.uwTick         stm32f1xx_hal.o
    0x20000160        -       0x00000200   Zero   RW            2    HEAP                startup_stm32f103xb.o
    0x20000360        -       0x00000400   Zero   RW            1    STACK               startup_stm32f103xb.o


==============================================================================

Image component sizes


      Code (inc. data)   RO Data    RW Data    ZI Data      Debug   Object Name

       758          0         10          0        232      63804   main.o
        64         26        236          0       1536        828   startup_stm32f103xb.o
       188          0          0          5          4       5585   stm32f1xx_hal.o
       414          0          0          0          0       7536   stm32f1xx_hal_cortex.o
       100          0          0          0          0       1223   stm32f1xx_hal_msp.o
      2596          0          0          0          0       7420   stm32f1xx_hal_rcc.o
        40          0          0          0          0       1059   stm32f1xx_it.o
       876          0          0          0          0      99817   stream.o
         2          0         16          4          0       1595   system_stm32f1xx.o

    ----------------------------------------------------------------------
      5108         26        296         12       1776     188867   Object Totals
         0          0         32          0          0          0   (incl. Generated)
        70          0          2          3          4          0   (incl. Padding)

    ----------------------------------------------------------------------

      Code (inc. data)   RO Data    RW Data    ZI Data      Debug   Library Member Name

         8          0          0          0          0         68   __main.o
         0          0          0          0          0          0   __rtentry.o
        12          0          0          0          0          0   __rtentry2.o
         6          0          0          0          0          0   __rtentry4.o
        52          8          0          0          0          0   __scatter.o
        26          0          0          0          0          0   __scatter_copy.o
        28          0          0          0          0          0   __scatter_zi.o
        44          0          0          0          0        108   _printf_char.o
         6          0          0          0          0          0   _printf_f.o
      1052          0          0          0          0        148   _printf_fp_dec.o
       128         16          0          0          0         84   _printf_fp_infnan.o
         0          0          0          0          0          0   _printf_percent.o
         4          0          0          0          0          0   _printf_percent_end.o
         6          0          0          0          0          0   _printf_s.o
        82          0          0          0          0         80   _printf_str.o
        22          0          0          0          0         80   abort.o
        46          0          0          0          0         84   aeabi_atexit.o
       228          4        148          0          0         96   bigflt0.o
      1936        128          0          0          0        668   btod.o
        10          0          0          0          0         68   cxa_atexit.o
        66          0          0          0          0         84   cxa_finalize.o
        48         34          0          0          0         76   defsig_abrt_inner.o
        14          0          0          0          0         80   defsig_abrt_outer.o
        10          0          0          0          0         68   defsig_exit.o
        50          0          0          0          0         88   defsig_general.o
        80         58          0          0          0         76   defsig_rtmem_inner.o
        14          0          0          0          0         80   defsig_rtmem_outer.o
        18          0          0          0          0         80   exit.o
        94          0          0          0          0         80   h1_alloc.o
        52          0          0          0          0         68   h1_extend.o
        78          0          0          0          0         80   h1_free.o
        14          0          0          0          0         84   h1_init.o
         6          0          0          0          0        152   heapauxi.o
         4          0          0          0          0        136   hguard.o
         0          0          0          0          0          0   indicate_semi.o
        36          8          0          0          0         80   init_aeabi.o
       138          0          0          0          0        168   init_alloc.o
        44         10         28          0          0         76   lc_numeric_c.o
         2          0          0          0          0          0   libinit.o
        30          0          0          0          0          0   libinit2.o
         2          0          0          0          0          0   libshutdown.o
         8          0          0          0          0          0   libshutdown2.o
         8          4          0          0         96         68   libspace.o
       138          0          0          0          0         80   lludiv10.o
         0          0          0          0          0          0   maybetermalloc1.o
         8          4          0          0          0         68   rt_ddtor_pointer_addr_intlibspace.o
         8          4          0          0          0         68   rt_heap_descriptor_intlibspace.o
         8          4          0          0          0         68   rt_locale_intlibspace.o
        78          0          0          0          0         80   rt_memclr_w.o
       138          0          0          0          0         68   rt_memcpy_v6.o
       100          0          0          0          0         80   rt_memcpy_w.o
       132          0          0          0          0         68   rt_memmove_v6.o
       122          0          0          0          0         80   rt_memmove_w.o
         2          0          0          0          0          0   rtexit.o
        10          0          0          0          0          0   rtexit2.o
       128          0          0          0          0         68   strcmpv7m.o
        72          0          0          0          0         80   strcpy.o
        62          0          0          0          0         76   strlen.o
        12          4          0          0          0         68   sys_exit.o
        74          0          0          0          0         80   sys_stackheap_outer.o
        14          0          0          0          0         76   sys_wrch.o
         2          0          0          0          0         68   use_no_semi.o
         4          0          0          0          0         68   printf1.o
         0          0          0          0          0          0   usenofp.o
        54          0          0          0          0        380   new.cpp.o
       114          0          0          0          0       4520   string.cpp.o
         0          0          0          0          4          0   cxa_default_handlers.cpp.o
        12          0          0          0          0        132   cxa_handlers.cpp.o
        40          0          0          0          0         68   fpclassify.o

    ----------------------------------------------------------------------
      5856        286        176          0        100       9452   Library Totals
        12          0          0          0          0          0   (incl. Padding)

    ----------------------------------------------------------------------

      Code (inc. data)   RO Data    RW Data    ZI Data      Debug   Library Name

      5620        286        176          0         96       4284   c_w.l
         4          0          0          0          0         68   fz_ws.l
       168          0          0          0          0       4900   libcpp_w.l
        12          0          0          0          4        132   libcppabi_w.l
        40          0          0          0          0         68   m_ws.l

    ----------------------------------------------------------------------
      5856        286        176          0        100       9452   Library Totals

    ----------------------------------------------------------------------

==============================================================================


      Code (inc. data)   RO Data    RW Data    ZI Data      Debug   

     10964        312        472         12       1876     195567   Grand Totals
     10964        312        472         12       1876     195567   ELF Image Totals
     10964        312        472         12          0          0   ROM Totals

==============================================================================

    Total RO  Size (Code + RO Data)                11436 (  11.17kB)
    Total RW  Size (RW Data + ZI Data)              1888 (   1.84kB)
    Total ROM Size (Code + RO Data + RW Data)      11448 (  11.18kB)

==============================================================================

